Archive member included to satisfy reference by file (symbol)

C:/Program Files/STMicroelectronics/STM32CubeCLT_1.16.0/GNU-tools-for-STM32/bin/../lib/gcc/arm-none-eabi/12.3.1/../../../../arm-none-eabi/lib/thumb/v6-m/nofp\libc_nano.a(libc_a-exit.o)
                              C:/Program Files/STMicroelectronics/STM32CubeCLT_1.16.0/GNU-tools-for-STM32/bin/../lib/gcc/arm-none-eabi/12.3.1/../../../../arm-none-eabi/lib/thumb/v6-m/nofp/crt0.o (exit)
C:/Program Files/STMicroelectronics/STM32CubeCLT_1.16.0/GNU-tools-for-STM32/bin/../lib/gcc/arm-none-eabi/12.3.1/../../../../arm-none-eabi/lib/thumb/v6-m/nofp\libc_nano.a(libc_a-findfp.o)
                              C:/Program Files/STMicroelectronics/STM32CubeCLT_1.16.0/GNU-tools-for-STM32/bin/../lib/gcc/arm-none-eabi/12.3.1/../../../../arm-none-eabi/lib/thumb/v6-m/nofp\libc_nano.a(libc_a-exit.o) (__stdio_exit_handler)
C:/Program Files/STMicroelectronics/STM32CubeCLT_1.16.0/GNU-tools-for-STM32/bin/../lib/gcc/arm-none-eabi/12.3.1/../../../../arm-none-eabi/lib/thumb/v6-m/nofp\libc_nano.a(libc_a-fwalk.o)
                              C:/Program Files/STMicroelectronics/STM32CubeCLT_1.16.0/GNU-tools-for-STM32/bin/../lib/gcc/arm-none-eabi/12.3.1/../../../../arm-none-eabi/lib/thumb/v6-m/nofp\libc_nano.a(libc_a-findfp.o) (_fwalk_sglue)
C:/Program Files/STMicroelectronics/STM32CubeCLT_1.16.0/GNU-tools-for-STM32/bin/../lib/gcc/arm-none-eabi/12.3.1/../../../../arm-none-eabi/lib/thumb/v6-m/nofp\libc_nano.a(libc_a-stdio.o)
                              C:/Program Files/STMicroelectronics/STM32CubeCLT_1.16.0/GNU-tools-for-STM32/bin/../lib/gcc/arm-none-eabi/12.3.1/../../../../arm-none-eabi/lib/thumb/v6-m/nofp\libc_nano.a(libc_a-findfp.o) (__sread)
C:/Program Files/STMicroelectronics/STM32CubeCLT_1.16.0/GNU-tools-for-STM32/bin/../lib/gcc/arm-none-eabi/12.3.1/../../../../arm-none-eabi/lib/thumb/v6-m/nofp\libc_nano.a(libc_a-memset.o)
                              C:/Program Files/STMicroelectronics/STM32CubeCLT_1.16.0/GNU-tools-for-STM32/bin/../lib/gcc/arm-none-eabi/12.3.1/../../../../arm-none-eabi/lib/thumb/v6-m/nofp/crt0.o (memset)
C:/Program Files/STMicroelectronics/STM32CubeCLT_1.16.0/GNU-tools-for-STM32/bin/../lib/gcc/arm-none-eabi/12.3.1/../../../../arm-none-eabi/lib/thumb/v6-m/nofp\libc_nano.a(libc_a-closer.o)
                              C:/Program Files/STMicroelectronics/STM32CubeCLT_1.16.0/GNU-tools-for-STM32/bin/../lib/gcc/arm-none-eabi/12.3.1/../../../../arm-none-eabi/lib/thumb/v6-m/nofp\libc_nano.a(libc_a-stdio.o) (_close_r)
C:/Program Files/STMicroelectronics/STM32CubeCLT_1.16.0/GNU-tools-for-STM32/bin/../lib/gcc/arm-none-eabi/12.3.1/../../../../arm-none-eabi/lib/thumb/v6-m/nofp\libc_nano.a(libc_a-reent.o)
                              C:/Program Files/STMicroelectronics/STM32CubeCLT_1.16.0/GNU-tools-for-STM32/bin/../lib/gcc/arm-none-eabi/12.3.1/../../../../arm-none-eabi/lib/thumb/v6-m/nofp\libc_nano.a(libc_a-closer.o) (errno)
C:/Program Files/STMicroelectronics/STM32CubeCLT_1.16.0/GNU-tools-for-STM32/bin/../lib/gcc/arm-none-eabi/12.3.1/../../../../arm-none-eabi/lib/thumb/v6-m/nofp\libc_nano.a(libc_a-impure.o)
                              C:/Program Files/STMicroelectronics/STM32CubeCLT_1.16.0/GNU-tools-for-STM32/bin/../lib/gcc/arm-none-eabi/12.3.1/../../../../arm-none-eabi/lib/thumb/v6-m/nofp\libc_nano.a(libc_a-reent.o) (_impure_ptr)
C:/Program Files/STMicroelectronics/STM32CubeCLT_1.16.0/GNU-tools-for-STM32/bin/../lib/gcc/arm-none-eabi/12.3.1/../../../../arm-none-eabi/lib/thumb/v6-m/nofp\libc_nano.a(libc_a-lseekr.o)
                              C:/Program Files/STMicroelectronics/STM32CubeCLT_1.16.0/GNU-tools-for-STM32/bin/../lib/gcc/arm-none-eabi/12.3.1/../../../../arm-none-eabi/lib/thumb/v6-m/nofp\libc_nano.a(libc_a-stdio.o) (_lseek_r)
C:/Program Files/STMicroelectronics/STM32CubeCLT_1.16.0/GNU-tools-for-STM32/bin/../lib/gcc/arm-none-eabi/12.3.1/../../../../arm-none-eabi/lib/thumb/v6-m/nofp\libc_nano.a(libc_a-readr.o)
                              C:/Program Files/STMicroelectronics/STM32CubeCLT_1.16.0/GNU-tools-for-STM32/bin/../lib/gcc/arm-none-eabi/12.3.1/../../../../arm-none-eabi/lib/thumb/v6-m/nofp\libc_nano.a(libc_a-stdio.o) (_read_r)
C:/Program Files/STMicroelectronics/STM32CubeCLT_1.16.0/GNU-tools-for-STM32/bin/../lib/gcc/arm-none-eabi/12.3.1/../../../../arm-none-eabi/lib/thumb/v6-m/nofp\libc_nano.a(libc_a-writer.o)
                              C:/Program Files/STMicroelectronics/STM32CubeCLT_1.16.0/GNU-tools-for-STM32/bin/../lib/gcc/arm-none-eabi/12.3.1/../../../../arm-none-eabi/lib/thumb/v6-m/nofp\libc_nano.a(libc_a-stdio.o) (_write_r)
C:/Program Files/STMicroelectronics/STM32CubeCLT_1.16.0/GNU-tools-for-STM32/bin/../lib/gcc/arm-none-eabi/12.3.1/../../../../arm-none-eabi/lib/thumb/v6-m/nofp\libc_nano.a(libc_a-init.o)
                              C:/Program Files/STMicroelectronics/STM32CubeCLT_1.16.0/GNU-tools-for-STM32/bin/../lib/gcc/arm-none-eabi/12.3.1/../../../../arm-none-eabi/lib/thumb/v6-m/nofp/crt0.o (__libc_init_array)
[...]
Memory Configuration

Name             Origin             Length             Attributes
RAM              0x20000000         0x00003000         xrw
FLASH            0x08000000         0x00008000         xr
*default*        0x00000000         0xffffffff

Linker script and memory map

LOAD C:/Program Files/STMicroelectronics/STM32CubeCLT_1.16.0/GNU-tools-for-STM32/bin/../lib/gcc/arm-none-eabi/12.3.1/thumb/v6-m/nofp/crti.o
LOAD C:/Program Files/STMicroelectronics/STM32CubeCLT_1.16.0/GNU-tools-for-STM32/bin/../lib/gcc/arm-none-eabi/12.3.1/thumb/v6-m/nofp/crtbegin.o
LOAD C:/Program Files/STMicroelectronics/STM32CubeCLT_1.16.0/GNU-tools-for-STM32/bin/../lib/gcc/arm-none-eabi/12.3.1/../../../../arm-none-eabi/lib/thumb/v6-m/nofp/crt0.o
START GROUP
LOAD C:/Program Files/STMicroelectronics/STM32CubeCLT_1.16.0/GNU-tools-for-STM32/bin/../lib/gcc/arm-none-eabi/12.3.1/../../../../arm-none-eabi/lib/thumb/v6-m/nofp\libc_nano.a
LOAD C:/Program Files/STMicroelectronics/STM32CubeCLT_1.16.0/GNU-tools-for-STM32/bin/../lib/gcc/arm-none-eabi/12.3.1/../../../../arm-none-eabi/lib/thumb/v6-m/nofp\libm.a
END GROUP
LOAD CMakeFiles/STM32C031_CMake_Demo.dir/Core/Src/main.c.obj
LOAD CMakeFiles/STM32C031_CMake_Demo.dir/Core/Src/stm32c0xx_it.c.obj
LOAD CMakeFiles/STM32C031_CMake_Demo.dir/Core/Src/stm32c0xx_hal_msp.c.obj
LOAD CMakeFiles/STM32C031_CMake_Demo.dir/Drivers/STM32C0xx_HAL_Driver/Src/stm32c0xx_hal_cortex.c.obj
LOAD CMakeFiles/STM32C031_CMake_Demo.dir/Drivers/STM32C0xx_HAL_Driver/Src/stm32c0xx_hal.c.obj
LOAD CMakeFiles/STM32C031_CMake_Demo.dir/Drivers/STM32C0xx_HAL_Driver/Src/stm32c0xx_hal_rcc.c.obj
LOAD CMakeFiles/STM32C031_CMake_Demo.dir/Drivers/STM32C0xx_HAL_Driver/Src/stm32c0xx_hal_rcc_ex.c.obj
LOAD CMakeFiles/STM32C031_CMake_Demo.dir/Drivers/STM32C0xx_HAL_Driver/Src/stm32c0xx_hal_flash.c.obj
LOAD CMakeFiles/STM32C031_CMake_Demo.dir/Drivers/STM32C0xx_HAL_Driver/Src/stm32c0xx_hal_flash_ex.c.obj
LOAD CMakeFiles/STM32C031_CMake_Demo.dir/Drivers/STM32C0xx_HAL_Driver/Src/stm32c0xx_hal_gpio.c.obj
LOAD CMakeFiles/STM32C031_CMake_Demo.dir/Drivers/STM32C0xx_HAL_Driver/Src/stm32c0xx_hal_dma.c.obj
LOAD CMakeFiles/STM32C031_CMake_Demo.dir/Drivers/STM32C0xx_HAL_Driver/Src/stm32c0xx_hal_dma_ex.c.obj
LOAD CMakeFiles/STM32C031_CMake_Demo.dir/Drivers/STM32C0xx_HAL_Driver/Src/stm32c0xx_hal_pwr.c.obj
LOAD CMakeFiles/STM32C031_CMake_Demo.dir/Drivers/STM32C0xx_HAL_Driver/Src/stm32c0xx_hal_pwr_ex.c.obj
LOAD CMakeFiles/STM32C031_CMake_Demo.dir/Drivers/STM32C0xx_HAL_Driver/Src/stm32c0xx_hal_exti.c.obj
LOAD CMakeFiles/STM32C031_CMake_Demo.dir/Drivers/STM32C0xx_HAL_Driver/Src/stm32c0xx_hal_tim.c.obj
LOAD CMakeFiles/STM32C031_CMake_Demo.dir/Drivers/STM32C0xx_HAL_Driver/Src/stm32c0xx_hal_tim_ex.c.obj
LOAD CMakeFiles/STM32C031_CMake_Demo.dir/Core/Src/system_stm32c0xx.c.obj
LOAD CMakeFiles/STM32C031_CMake_Demo.dir/Core/Src/sysmem.c.obj
LOAD CMakeFiles/STM32C031_CMake_Demo.dir/Core/Src/syscalls.c.obj
LOAD CMakeFiles/STM32C031_CMake_Demo.dir/startup_stm32c031xx.s.obj
START GROUP
LOAD C:/Program Files/STMicroelectronics/STM32CubeCLT_1.16.0/GNU-tools-for-STM32/bin/../lib/gcc/arm-none-eabi/12.3.1/thumb/v6-m/nofp\libgcc.a
LOAD C:/Program Files/STMicroelectronics/STM32CubeCLT_1.16.0/GNU-tools-for-STM32/bin/../lib/gcc/arm-none-eabi/12.3.1/../../../../arm-none-eabi/lib/thumb/v6-m/nofp\libg_nano.a
LOAD C:/Program Files/STMicroelectronics/STM32CubeCLT_1.16.0/GNU-tools-for-STM32/bin/../lib/gcc/arm-none-eabi/12.3.1/../../../../arm-none-eabi/lib/thumb/v6-m/nofp\libc_nano.a
END GROUP
START GROUP
LOAD C:/Program Files/STMicroelectronics/STM32CubeCLT_1.16.0/GNU-tools-for-STM32/bin/../lib/gcc/arm-none-eabi/12.3.1/thumb/v6-m/nofp\libgcc.a
LOAD C:/Program Files/STMicroelectronics/STM32CubeCLT_1.16.0/GNU-tools-for-STM32/bin/../lib/gcc/arm-none-eabi/12.3.1/../../../../arm-none-eabi/lib/thumb/v6-m/nofp\libc_nano.a
END GROUP
LOAD C:/Program Files/STMicroelectronics/STM32CubeCLT_1.16.0/GNU-tools-for-STM32/bin/../lib/gcc/arm-none-eabi/12.3.1/thumb/v6-m/nofp/crtend.o
LOAD C:/Program Files/STMicroelectronics/STM32CubeCLT_1.16.0/GNU-tools-for-STM32/bin/../lib/gcc/arm-none-eabi/12.3.1/thumb/v6-m/nofp/crtn.o
                0x20003000                        _estack = (ORIGIN (RAM) + LENGTH (RAM))
                0x00000200                        _Min_Heap_Size = 0x200
                0x00000400                        _Min_Stack_Size = 0x400

.isr_vector     0x08000000       0xc0
                0x08000000                        . = ALIGN (0x4)
 *(.isr_vector)
 .isr_vector    0x08000000       0xc0 CMakeFiles/STM32C031_CMake_Demo.dir/startup_stm32c031xx.s.obj
                0x08000000                g_pfnVectors
                0x080000c0                        . = ALIGN (0x4)

.text           0x080000c0      0xc38
                0x080000c0                        . = ALIGN (0x4)
 *(.text)
 .text          0x080000c0       0x48 C:/Program Files/STMicroelectronics/STM32CubeCLT_1.16.0/GNU-tools-for-STM32/bin/../lib/gcc/arm-none-eabi/12.3.1/thumb/v6-m/nofp/crtbegin.o
 .text          0x08000108      0x114 C:/Program Files/STMicroelectronics/STM32CubeCLT_1.16.0/GNU-tools-for-STM32/bin/../lib/gcc/arm-none-eabi/12.3.1/thumb/v6-m/nofp\libgcc.a(_udivsi3.o)
                0x08000108                __aeabi_uidiv
                0x08000108                __udivsi3
                0x08000214                __aeabi_uidivmod
 .text          0x0800021c        0x4 C:/Program Files/STMicroelectronics/STM32CubeCLT_1.16.0/GNU-tools-for-STM32/bin/../lib/gcc/arm-none-eabi/12.3.1/thumb/v6-m/nofp\libgcc.a(_dvmd_tls.o)
                0x0800021c                __aeabi_idiv0
                0x0800021c                __aeabi_ldiv0
 *(.text*)
 .text.memset   0x08000220       0x10 C:/Program Files/STMicroelectronics/STM32CubeCLT_1.16.0/GNU-tools-for-STM32/bin/../lib/gcc/arm-none-eabi/12.3.1/../../../../arm-none-eabi/lib/thumb/v6-m/nofp\libc_nano.a(libc_a-memset.o)
                0x08000220                memset
 .text.__libc_init_array
                0x08000230       0x48 C:/Program Files/STMicroelectronics/STM32CubeCLT_1.16.0/GNU-tools-for-STM32/bin/../lib/gcc/arm-none-eabi/12.3.1/../../../../arm-none-eabi/lib/thumb/v6-m/nofp\libc_nano.a(libc_a-init.o)
                0x08000230                __libc_init_array
 .text.main     0x08000278       0x10 CMakeFiles/STM32C031_CMake_Demo.dir/Core/Src/main.c.obj
                0x08000278                main
 .text.SystemClock_Config
                0x08000288       0x86 CMakeFiles/STM32C031_CMake_Demo.dir/Core/Src/main.c.obj
                0x08000288                SystemClock_Config
 .text.Error_Handler
                0x0800030e        0xc CMakeFiles/STM32C031_CMake_Demo.dir/Core/Src/main.c.obj
                0x0800030e                Error_Handler
 .text.NMI_Handler
                0x0800031a        0x8 CMakeFiles/STM32C031_CMake_Demo.dir/Core/Src/stm32c0xx_it.c.obj
                0x0800031a                NMI_Handler
 .text.HardFault_Handler
                0x08000322        0x8 CMakeFiles/STM32C031_CMake_Demo.dir/Core/Src/stm32c0xx_it.c.obj
                0x08000322                HardFault_Handler
 .text.SVC_Handler
                0x0800032a        0xa CMakeFiles/STM32C031_CMake_Demo.dir/Core/Src/stm32c0xx_it.c.obj
                0x0800032a                SVC_Handler
 .text.PendSV_Handler
                0x08000334        0xa CMakeFiles/STM32C031_CMake_Demo.dir/Core/Src/stm32c0xx_it.c.obj
                0x08000334                PendSV_Handler
 .text.SysTick_Handler
                0x0800033e        0xe CMakeFiles/STM32C031_CMake_Demo.dir/Core/Src/stm32c0xx_it.c.obj
                0x0800033e                SysTick_Handler
 .text.HAL_MspInit
                0x0800034c       0x48 CMakeFiles/STM32C031_CMake_Demo.dir/Core/Src/stm32c0xx_hal_msp.c.obj
                0x0800034c                HAL_MspInit
 .text.__NVIC_SetPriority
                0x08000394       0xdc CMakeFiles/STM32C031_CMake_Demo.dir/Drivers/STM32C0xx_HAL_Driver/Src/stm32c0xx_hal_cortex.c.obj
 .text.SysTick_Config
                0x08000470       0x48 CMakeFiles/STM32C031_CMake_Demo.dir/Drivers/STM32C0xx_HAL_Driver/Src/stm32c0xx_hal_cortex.c.obj
 .text.HAL_NVIC_SetPriority
                0x080004b8       0x2a CMakeFiles/STM32C031_CMake_Demo.dir/Drivers/STM32C0xx_HAL_Driver/Src/stm32c0xx_hal_cortex.c.obj
                0x080004b8                HAL_NVIC_SetPriority
 .text.HAL_SYSTICK_Config
                0x080004e2       0x1a CMakeFiles/STM32C031_CMake_Demo.dir/Drivers/STM32C0xx_HAL_Driver/Src/stm32c0xx_hal_cortex.c.obj
                0x080004e2                HAL_SYSTICK_Config
 .text.HAL_Init
                0x080004fc       0x2e CMakeFiles/STM32C031_CMake_Demo.dir/Drivers/STM32C0xx_HAL_Driver/Src/stm32c0xx_hal.c.obj
                0x080004fc                HAL_Init
 *fill*         0x0800052a        0x2 
 .text.HAL_InitTick
                0x0800052c       0x94 CMakeFiles/STM32C031_CMake_Demo.dir/Drivers/STM32C0xx_HAL_Driver/Src/stm32c0xx_hal.c.obj
                0x0800052c                HAL_InitTick
 .text.HAL_IncTick
                0x080005c0       0x24 CMakeFiles/STM32C031_CMake_Demo.dir/Drivers/STM32C0xx_HAL_Driver/Src/stm32c0xx_hal.c.obj
                0x080005c0                HAL_IncTick
 .text.HAL_GetTick
                0x080005e4       0x14 CMakeFiles/STM32C031_CMake_Demo.dir/Drivers/STM32C0xx_HAL_Driver/Src/stm32c0xx_hal.c.obj
                0x080005e4                HAL_GetTick
 .text.HAL_RCC_OscConfig
                0x080005f8      0x3c8 CMakeFiles/STM32C031_CMake_Demo.dir/Drivers/STM32C0xx_HAL_Driver/Src/stm32c0xx_hal_rcc.c.obj
                0x080005f8                HAL_RCC_OscConfig
 .text.HAL_RCC_ClockConfig
                0x080009c0      0x214 CMakeFiles/STM32C031_CMake_Demo.dir/Drivers/STM32C0xx_HAL_Driver/Src/stm32c0xx_hal_rcc.c.obj
                0x080009c0                HAL_RCC_ClockConfig
 .text.HAL_RCC_GetSysClockFreq
                0x08000bd4       0xa0 CMakeFiles/STM32C031_CMake_Demo.dir/Drivers/STM32C0xx_HAL_Driver/Src/stm32c0xx_hal_rcc.c.obj
                0x08000bd4                HAL_RCC_GetSysClockFreq
 .text.SystemInit
                0x08000c74       0x18 CMakeFiles/STM32C031_CMake_Demo.dir/Core/Src/system_stm32c0xx.c.obj
                0x08000c74                SystemInit
 .text.Reset_Handler
                0x08000c8c       0x50 CMakeFiles/STM32C031_CMake_Demo.dir/startup_stm32c031xx.s.obj
                0x08000c8c                Reset_Handler
 .text.Default_Handler
                0x08000cdc        0x2 CMakeFiles/STM32C031_CMake_Demo.dir/startup_stm32c031xx.s.obj
                0x08000cdc                TIM1_CC_IRQHandler
                0x08000cdc                I2C1_IRQHandler
                0x08000cdc                DMAMUX1_IRQHandler
                0x08000cdc                SPI1_IRQHandler
                0x08000cdc                EXTI2_3_IRQHandler
                0x08000cdc                ADC1_IRQHandler
                0x08000cdc                TIM17_IRQHandler
                0x08000cdc                RTC_IRQHandler
                0x08000cdc                TIM16_IRQHandler
                0x08000cdc                TIM3_IRQHandler
                0x08000cdc                EXTI4_15_IRQHandler
                0x08000cdc                RCC_IRQHandler
                0x08000cdc                DMA1_Channel1_IRQHandler
                0x08000cdc                Default_Handler
                0x08000cdc                TIM14_IRQHandler
                0x08000cdc                EXTI0_1_IRQHandler
                0x08000cdc                WWDG_IRQHandler
                0x08000cdc                DMA1_Channel2_3_IRQHandler
                0x08000cdc                USART2_IRQHandler
                0x08000cdc                FLASH_IRQHandler
                0x08000cdc                USART1_IRQHandler
                0x08000cdc                TIM1_BRK_UP_TRG_COM_IRQHandler
 *(.glue_7)
 .glue_7        0x08000cde        0x0 linker stubs
 *(.glue_7t)
 .glue_7t       0x08000cde        0x0 linker stubs
 *(.eh_frame)
 *fill*         0x08000cde        0x2 
 .eh_frame      0x08000ce0        0x0 C:/Program Files/STMicroelectronics/STM32CubeCLT_1.16.0/GNU-tools-for-STM32/bin/../lib/gcc/arm-none-eabi/12.3.1/thumb/v6-m/nofp/crtbegin.o
 *(.init)
 .init          0x08000ce0        0x4 C:/Program Files/STMicroelectronics/STM32CubeCLT_1.16.0/GNU-tools-for-STM32/bin/../lib/gcc/arm-none-eabi/12.3.1/thumb/v6-m/nofp/crti.o
                0x08000ce0                _init
 .init          0x08000ce4        0x8 C:/Program Files/STMicroelectronics/STM32CubeCLT_1.16.0/GNU-tools-for-STM32/bin/../lib/gcc/arm-none-eabi/12.3.1/thumb/v6-m/nofp/crtn.o
 *(.fini)
 .fini          0x08000cec        0x4 C:/Program Files/STMicroelectronics/STM32CubeCLT_1.16.0/GNU-tools-for-STM32/bin/../lib/gcc/arm-none-eabi/12.3.1/thumb/v6-m/nofp/crti.o
                0x08000cec                _fini
 .fini          0x08000cf0        0x8 C:/Program Files/STMicroelectronics/STM32CubeCLT_1.16.0/GNU-tools-for-STM32/bin/../lib/gcc/arm-none-eabi/12.3.1/thumb/v6-m/nofp/crtn.o
                0x08000cf8                        . = ALIGN (0x4)
                0x08000cf8                        _etext = .

.vfp11_veneer   0x08000cf8        0x0
 .vfp11_veneer  0x08000cf8        0x0 linker stubs

.v4_bx          0x08000cf8        0x0
 .v4_bx         0x08000cf8        0x0 linker stubs

.iplt           0x08000cf8        0x0
 .iplt          0x08000cf8        0x0 C:/Program Files/STMicroelectronics/STM32CubeCLT_1.16.0/GNU-tools-for-STM32/bin/../lib/gcc/arm-none-eabi/12.3.1/thumb/v6-m/nofp/crtbegin.o

.rodata         0x08000cf8       0x40
                0x08000cf8                        . = ALIGN (0x4)
 *(.rodata)
 *(.rodata*)
 .rodata.AHBPrescTable
                0x08000cf8       0x40 CMakeFiles/STM32C031_CMake_Demo.dir/Core/Src/system_stm32c0xx.c.obj
                0x08000cf8                AHBPrescTable
                0x08000d38                        . = ALIGN (0x4)

.rel.dyn        0x08000d38        0x0
 .rel.iplt      0x08000d38        0x0 C:/Program Files/STMicroelectronics/STM32CubeCLT_1.16.0/GNU-tools-for-STM32/bin/../lib/gcc/arm-none-eabi/12.3.1/thumb/v6-m/nofp/crtbegin.o

.ARM.extab
 *(.ARM.extab* .gnu.linkonce.armextab.*)

.ARM            0x08000d38        0x0
                0x08000d38                        __exidx_start = .
 *(.ARM.exidx*)
                0x08000d38                        __exidx_end = .

.preinit_array  0x08000d38        0x0
                0x08000d38                        PROVIDE (__preinit_array_start = .)
 *(.preinit_array*)
                0x08000d38                        PROVIDE (__preinit_array_end = .)

.init_array     0x08000d38        0x4
                0x08000d38                        PROVIDE (__init_array_start = .)
 *(SORT_BY_NAME(.init_array.*))
 *(.init_array*)
 .init_array    0x08000d38        0x4 C:/Program Files/STMicroelectronics/STM32CubeCLT_1.16.0/GNU-tools-for-STM32/bin/../lib/gcc/arm-none-eabi/12.3.1/thumb/v6-m/nofp/crtbegin.o
                0x08000d3c                        PROVIDE (__init_array_end = .)

.fini_array     0x08000d3c        0x4
                [!provide]                        PROVIDE (__fini_array_start = .)
 *(SORT_BY_NAME(.fini_array.*))
 *(.fini_array*)
 .fini_array    0x08000d3c        0x4 C:/Program Files/STMicroelectronics/STM32CubeCLT_1.16.0/GNU-tools-for-STM32/bin/../lib/gcc/arm-none-eabi/12.3.1/thumb/v6-m/nofp/crtbegin.o
                [!provide]                        PROVIDE (__fini_array_end = .)
                0x08000d40                        _sidata = LOADADDR (.data)

.data           0x20000000        0xc load address 0x08000d40
                0x20000000                        . = ALIGN (0x4)
                0x20000000                        _sdata = .
 *(.data)
 *(.data*)
 .data.uwTickPrio
                0x20000000        0x4 CMakeFiles/STM32C031_CMake_Demo.dir/Drivers/STM32C0xx_HAL_Driver/Src/stm32c0xx_hal.c.obj
                0x20000000                uwTickPrio
 .data.uwTickFreq
                0x20000004        0x1 CMakeFiles/STM32C031_CMake_Demo.dir/Drivers/STM32C0xx_HAL_Driver/Src/stm32c0xx_hal.c.obj
                0x20000004                uwTickFreq
 *fill*         0x20000005        0x3 
 .data.SystemCoreClock
                0x20000008        0x4 CMakeFiles/STM32C031_CMake_Demo.dir/Core/Src/system_stm32c0xx.c.obj
                0x20000008                SystemCoreClock
                0x2000000c                        . = ALIGN (0x4)
                0x2000000c                        _edata = .

.igot.plt       0x2000000c        0x0 load address 0x08000d4c
 .igot.plt      0x2000000c        0x0 C:/Program Files/STMicroelectronics/STM32CubeCLT_1.16.0/GNU-tools-for-STM32/bin/../lib/gcc/arm-none-eabi/12.3.1/thumb/v6-m/nofp/crtbegin.o
                0x2000000c                        . = ALIGN (0x4)

.bss            0x2000000c       0x20 load address 0x08000d4c
                0x2000000c                        _sbss = .
                0x2000000c                        __bss_start__ = _sbss
 *(.bss)
 .bss           0x2000000c       0x1c C:/Program Files/STMicroelectronics/STM32CubeCLT_1.16.0/GNU-tools-for-STM32/bin/../lib/gcc/arm-none-eabi/12.3.1/thumb/v6-m/nofp/crtbegin.o
 *(.bss*)
 .bss.uwTick    0x20000028        0x4 CMakeFiles/STM32C031_CMake_Demo.dir/Drivers/STM32C0xx_HAL_Driver/Src/stm32c0xx_hal.c.obj
                0x20000028                uwTick
 *(COMMON)
                0x2000002c                        . = ALIGN (0x4)
                0x2000002c                        _ebss = .
                0x2000002c                        __bss_end__ = _ebss

._user_heap_stack
                0x2000002c      0x604 load address 0x08000d4c
                0x20000030                        . = ALIGN (0x8)
 *fill*         0x2000002c        0x4 
                [!provide]                        PROVIDE (end = .)
                0x20000030                        PROVIDE (_end = .)
                0x20000230                        . = (. + _Min_Heap_Size)
 *fill*         0x20000030      0x200 
                0x20000630                        . = (. + _Min_Stack_Size)
 *fill*         0x20000230      0x400 
                0x20000630                        . = ALIGN (0x8)

/DISCARD/
 libc.a(*)
 libm.a(*)
 libgcc.a(*)

.ARM.attributes
                0x00000000       0x28
 *(.ARM.attributes)
 .ARM.attributes
                0x00000000       0x1e C:/Program Files/STMicroelectronics/STM32CubeCLT_1.16.0/GNU-tools-for-STM32/bin/../lib/gcc/arm-none-eabi/12.3.1/thumb/v6-m/nofp/crti.o
 .ARM.attributes
                0x0000001e       0x2c C:/Program Files/STMicroelectronics/STM32CubeCLT_1.16.0/GNU-tools-for-STM32/bin/../lib/gcc/arm-none-eabi/12.3.1/thumb/v6-m/nofp/crtbegin.o
 .ARM.attributes
                0x0000004a       0x2c C:/Program Files/STMicroelectronics/STM32CubeCLT_1.16.0/GNU-tools-for-STM32/bin/../lib/gcc/arm-none-eabi/12.3.1/../../../../arm-none-eabi/lib/thumb/v6-m/nofp\libc_nano.a(libc_a-memset.o)
 .ARM.attributes
                0x00000076       0x2c C:/Program Files/STMicroelectronics/STM32CubeCLT_1.16.0/GNU-tools-for-STM32/bin/../lib/gcc/arm-none-eabi/12.3.1/../../../../arm-none-eabi/lib/thumb/v6-m/nofp\libc_nano.a(libc_a-init.o)
 .ARM.attributes
                0x000000a2       0x2c CMakeFiles/STM32C031_CMake_Demo.dir/Core/Src/main.c.obj
 .ARM.attributes
                0x000000ce       0x2c CMakeFiles/STM32C031_CMake_Demo.dir/Core/Src/stm32c0xx_it.c.obj
 .ARM.attributes
                0x000000fa       0x2c CMakeFiles/STM32C031_CMake_Demo.dir/Core/Src/stm32c0xx_hal_msp.c.obj
 .ARM.attributes
                0x00000126       0x2c CMakeFiles/STM32C031_CMake_Demo.dir/Drivers/STM32C0xx_HAL_Driver/Src/stm32c0xx_hal_cortex.c.obj
 .ARM.attributes
                0x00000152       0x2c CMakeFiles/STM32C031_CMake_Demo.dir/Drivers/STM32C0xx_HAL_Driver/Src/stm32c0xx_hal.c.obj
 .ARM.attributes
                0x0000017e       0x2c CMakeFiles/STM32C031_CMake_Demo.dir/Drivers/STM32C0xx_HAL_Driver/Src/stm32c0xx_hal_rcc.c.obj
 .ARM.attributes
                0x000001aa       0x2c CMakeFiles/STM32C031_CMake_Demo.dir/Core/Src/system_stm32c0xx.c.obj
 .ARM.attributes
                0x000001d6       0x22 CMakeFiles/STM32C031_CMake_Demo.dir/startup_stm32c031xx.s.obj
 .ARM.attributes
                0x000001f8       0x1e C:/Program Files/STMicroelectronics/STM32CubeCLT_1.16.0/GNU-tools-for-STM32/bin/../lib/gcc/arm-none-eabi/12.3.1/thumb/v6-m/nofp\libgcc.a(_udivsi3.o)
 .ARM.attributes
                0x00000216       0x1e C:/Program Files/STMicroelectronics/STM32CubeCLT_1.16.0/GNU-tools-for-STM32/bin/../lib/gcc/arm-none-eabi/12.3.1/thumb/v6-m/nofp\libgcc.a(_dvmd_tls.o)
 .ARM.attributes
                0x00000234       0x1e C:/Program Files/STMicroelectronics/STM32CubeCLT_1.16.0/GNU-tools-for-STM32/bin/../lib/gcc/arm-none-eabi/12.3.1/thumb/v6-m/nofp/crtn.o
OUTPUT(STM32C031_CMake_Demo.elf elf32-littlearm)
LOAD linker stubs
LOAD C:/Program Files/STMicroelectronics/STM32CubeCLT_1.16.0/GNU-tools-for-STM32/bin/../lib/gcc/arm-none-eabi/12.3.1/../../../../arm-none-eabi/lib/thumb/v6-m/nofp\libc.a
LOAD C:/Program Files/STMicroelectronics/STM32CubeCLT_1.16.0/GNU-tools-for-STM32/bin/../lib/gcc/arm-none-eabi/12.3.1/../../../../arm-none-eabi/lib/thumb/v6-m/nofp\libm.a
LOAD C:/Program Files/STMicroelectronics/STM32CubeCLT_1.16.0/GNU-tools-for-STM32/bin/../lib/gcc/arm-none-eabi/12.3.1/thumb/v6-m/nofp\libgcc.a

.debug_frame    0x00000000      0xaa4
 .debug_frame   0x00000000       0x20 C:/Program Files/STMicroelectronics/STM32CubeCLT_1.16.0/GNU-tools-for-STM32/bin/../lib/gcc/arm-none-eabi/12.3.1/../../../../arm-none-eabi/lib/thumb/v6-m/nofp\libc_nano.a(libc_a-memset.o)
 .debug_frame   0x00000020       0x2c C:/Program Files/STMicroelectronics/STM32CubeCLT_1.16.0/GNU-tools-for-STM32/bin/../lib/gcc/arm-none-eabi/12.3.1/../../../../arm-none-eabi/lib/thumb/v6-m/nofp\libc_nano.a(libc_a-init.o)
 .debug_frame   0x0000004c       0x68 CMakeFiles/STM32C031_CMake_Demo.dir/Core/Src/main.c.obj
 .debug_frame   0x000000b4       0x9c CMakeFiles/STM32C031_CMake_Demo.dir/Core/Src/stm32c0xx_it.c.obj
 .debug_frame   0x00000150       0x30 CMakeFiles/STM32C031_CMake_Demo.dir/Core/Src/stm32c0xx_hal_msp.c.obj
 .debug_frame   0x00000180      0x33c CMakeFiles/STM32C031_CMake_Demo.dir/Drivers/STM32C0xx_HAL_Driver/Src/stm32c0xx_hal_cortex.c.obj
 .debug_frame   0x000004bc      0x368 CMakeFiles/STM32C031_CMake_Demo.dir/Drivers/STM32C0xx_HAL_Driver/Src/stm32c0xx_hal.c.obj
 .debug_frame   0x00000824      0x214 CMakeFiles/STM32C031_CMake_Demo.dir/Drivers/STM32C0xx_HAL_Driver/Src/stm32c0xx_hal_rcc.c.obj
 .debug_frame   0x00000a38       0x4c CMakeFiles/STM32C031_CMake_Demo.dir/Core/Src/system_stm32c0xx.c.obj
 .debug_frame   0x00000a84       0x20 C:/Program Files/STMicroelectronics/STM32CubeCLT_1.16.0/GNU-tools-for-STM32/bin/../lib/gcc/arm-none-eabi/12.3.1/thumb/v6-m/nofp\libgcc.a(_udivsi3.o)

.debug_info     0x00000000     0x228b
 .debug_info    0x00000000      0x244 CMakeFiles/STM32C031_CMake_Demo.dir/Core/Src/main.c.obj
 .debug_info    0x00000244       0xd3 CMakeFiles/STM32C031_CMake_Demo.dir/Core/Src/stm32c0xx_it.c.obj
 .debug_info    0x00000317      0x217 CMakeFiles/STM32C031_CMake_Demo.dir/Core/Src/stm32c0xx_hal_msp.c.obj
 .debug_info    0x0000052e      0x876 CMakeFiles/STM32C031_CMake_Demo.dir/Drivers/STM32C0xx_HAL_Driver/Src/stm32c0xx_hal_cortex.c.obj
 .debug_info    0x00000da4      0x832 CMakeFiles/STM32C031_CMake_Demo.dir/Drivers/STM32C0xx_HAL_Driver/Src/stm32c0xx_hal.c.obj
 .debug_info    0x000015d6      0x912 CMakeFiles/STM32C031_CMake_Demo.dir/Drivers/STM32C0xx_HAL_Driver/Src/stm32c0xx_hal_rcc.c.obj
 .debug_info    0x00001ee8      0x373 CMakeFiles/STM32C031_CMake_Demo.dir/Core/Src/system_stm32c0xx.c.obj
 .debug_info    0x0000225b       0x30 CMakeFiles/STM32C031_CMake_Demo.dir/startup_stm32c031xx.s.obj

.debug_abbrev   0x00000000      0xc0b
 .debug_abbrev  0x00000000      0x178 CMakeFiles/STM32C031_CMake_Demo.dir/Core/Src/main.c.obj
 .debug_abbrev  0x00000178       0x73 CMakeFiles/STM32C031_CMake_Demo.dir/Core/Src/stm32c0xx_it.c.obj
 .debug_abbrev  0x000001eb       0xd6 CMakeFiles/STM32C031_CMake_Demo.dir/Core/Src/stm32c0xx_hal_msp.c.obj
 .debug_abbrev  0x000002c1      0x2b7 CMakeFiles/STM32C031_CMake_Demo.dir/Drivers/STM32C0xx_HAL_Driver/Src/stm32c0xx_hal_cortex.c.obj
 .debug_abbrev  0x00000578      0x2cb CMakeFiles/STM32C031_CMake_Demo.dir/Drivers/STM32C0xx_HAL_Driver/Src/stm32c0xx_hal.c.obj
 .debug_abbrev  0x00000843      0x28b CMakeFiles/STM32C031_CMake_Demo.dir/Drivers/STM32C0xx_HAL_Driver/Src/stm32c0xx_hal_rcc.c.obj
 .debug_abbrev  0x00000ace      0x119 CMakeFiles/STM32C031_CMake_Demo.dir/Core/Src/system_stm32c0xx.c.obj
 .debug_abbrev  0x00000be7       0x24 CMakeFiles/STM32C031_CMake_Demo.dir/startup_stm32c031xx.s.obj

.debug_aranges  0x00000000      0x368
 .debug_aranges
                0x00000000       0x30 CMakeFiles/STM32C031_CMake_Demo.dir/Core/Src/main.c.obj
 .debug_aranges
                0x00000030       0x40 CMakeFiles/STM32C031_CMake_Demo.dir/Core/Src/stm32c0xx_it.c.obj
 .debug_aranges
                0x00000070       0x20 CMakeFiles/STM32C031_CMake_Demo.dir/Core/Src/stm32c0xx_hal_msp.c.obj
 .debug_aranges
                0x00000090       0xe8 CMakeFiles/STM32C031_CMake_Demo.dir/Drivers/STM32C0xx_HAL_Driver/Src/stm32c0xx_hal_cortex.c.obj
 .debug_aranges
                0x00000178      0x100 CMakeFiles/STM32C031_CMake_Demo.dir/Drivers/STM32C0xx_HAL_Driver/Src/stm32c0xx_hal.c.obj
 .debug_aranges
                0x00000278       0xa0 CMakeFiles/STM32C031_CMake_Demo.dir/Drivers/STM32C0xx_HAL_Driver/Src/stm32c0xx_hal_rcc.c.obj
 .debug_aranges
                0x00000318       0x28 CMakeFiles/STM32C031_CMake_Demo.dir/Core/Src/system_stm32c0xx.c.obj
 .debug_aranges
                0x00000340       0x28 CMakeFiles/STM32C031_CMake_Demo.dir/startup_stm32c031xx.s.obj

.debug_rnglists
                0x00000000      0x26f
 .debug_rnglists
                0x00000000       0x20 CMakeFiles/STM32C031_CMake_Demo.dir/Core/Src/main.c.obj
 .debug_rnglists
                0x00000020       0x2b CMakeFiles/STM32C031_CMake_Demo.dir/Core/Src/stm32c0xx_it.c.obj
 .debug_rnglists
                0x0000004b       0x13 CMakeFiles/STM32C031_CMake_Demo.dir/Core/Src/stm32c0xx_hal_msp.c.obj
 .debug_rnglists
                0x0000005e       0xaa CMakeFiles/STM32C031_CMake_Demo.dir/Drivers/STM32C0xx_HAL_Driver/Src/stm32c0xx_hal_cortex.c.obj
 .debug_rnglists
                0x00000108       0xbc CMakeFiles/STM32C031_CMake_Demo.dir/Drivers/STM32C0xx_HAL_Driver/Src/stm32c0xx_hal.c.obj
 .debug_rnglists
                0x000001c4       0x78 CMakeFiles/STM32C031_CMake_Demo.dir/Drivers/STM32C0xx_HAL_Driver/Src/stm32c0xx_hal_rcc.c.obj
 .debug_rnglists
                0x0000023c       0x1a CMakeFiles/STM32C031_CMake_Demo.dir/Core/Src/system_stm32c0xx.c.obj
 .debug_rnglists
                0x00000256       0x19 CMakeFiles/STM32C031_CMake_Demo.dir/startup_stm32c031xx.s.obj

.debug_macro    0x00000000    0x11429
 .debug_macro   0x00000000      0x1b2 CMakeFiles/STM32C031_CMake_Demo.dir/Core/Src/main.c.obj
 .debug_macro   0x000001b2      0xa8a CMakeFiles/STM32C031_CMake_Demo.dir/Core/Src/main.c.obj
 .debug_macro   0x00000c3c       0x2e CMakeFiles/STM32C031_CMake_Demo.dir/Core/Src/main.c.obj
 .debug_macro   0x00000c6a       0x28 CMakeFiles/STM32C031_CMake_Demo.dir/Core/Src/main.c.obj
 .debug_macro   0x00000c92       0x22 CMakeFiles/STM32C031_CMake_Demo.dir/Core/Src/main.c.obj
 .debug_macro   0x00000cb4       0x8e CMakeFiles/STM32C031_CMake_Demo.dir/Core/Src/main.c.obj
 .debug_macro   0x00000d42       0x51 CMakeFiles/STM32C031_CMake_Demo.dir/Core/Src/main.c.obj
 .debug_macro   0x00000d93      0x103 CMakeFiles/STM32C031_CMake_Demo.dir/Core/Src/main.c.obj
 .debug_macro   0x00000e96       0x6a CMakeFiles/STM32C031_CMake_Demo.dir/Core/Src/main.c.obj
 .debug_macro   0x00000f00      0x1df CMakeFiles/STM32C031_CMake_Demo.dir/Core/Src/main.c.obj
 .debug_macro   0x000010df       0x1c CMakeFiles/STM32C031_CMake_Demo.dir/Core/Src/main.c.obj
 .debug_macro   0x000010fb       0x22 CMakeFiles/STM32C031_CMake_Demo.dir/Core/Src/main.c.obj
 .debug_macro   0x0000111d       0xd1 CMakeFiles/STM32C031_CMake_Demo.dir/Core/Src/main.c.obj
 .debug_macro   0x000011ee      0x4da CMakeFiles/STM32C031_CMake_Demo.dir/Core/Src/main.c.obj
 .debug_macro   0x000016c8      0x11f CMakeFiles/STM32C031_CMake_Demo.dir/Core/Src/main.c.obj
 .debug_macro   0x000017e7     0x93f2 CMakeFiles/STM32C031_CMake_Demo.dir/Core/Src/main.c.obj
 .debug_macro   0x0000abd9       0x6c CMakeFiles/STM32C031_CMake_Demo.dir/Core/Src/main.c.obj
 .debug_macro   0x0000ac45      0x175 CMakeFiles/STM32C031_CMake_Demo.dir/Core/Src/main.c.obj
 .debug_macro   0x0000adba       0xdd CMakeFiles/STM32C031_CMake_Demo.dir/Core/Src/main.c.obj
 .debug_macro   0x0000ae97     0x3440 CMakeFiles/STM32C031_CMake_Demo.dir/Core/Src/main.c.obj
 .debug_macro   0x0000e2d7      0x189 CMakeFiles/STM32C031_CMake_Demo.dir/Core/Src/main.c.obj
 .debug_macro   0x0000e460       0x5b CMakeFiles/STM32C031_CMake_Demo.dir/Core/Src/main.c.obj
 .debug_macro   0x0000e4bb      0x397 CMakeFiles/STM32C031_CMake_Demo.dir/Core/Src/main.c.obj
 .debug_macro   0x0000e852      0xb78 CMakeFiles/STM32C031_CMake_Demo.dir/Core/Src/main.c.obj
 .debug_macro   0x0000f3ca      0x145 CMakeFiles/STM32C031_CMake_Demo.dir/Core/Src/main.c.obj
 .debug_macro   0x0000f50f      0x15f CMakeFiles/STM32C031_CMake_Demo.dir/Core/Src/main.c.obj
 .debug_macro   0x0000f66e      0x198 CMakeFiles/STM32C031_CMake_Demo.dir/Core/Src/main.c.obj
 .debug_macro   0x0000f806      0x264 CMakeFiles/STM32C031_CMake_Demo.dir/Core/Src/main.c.obj
 .debug_macro   0x0000fa6a      0x17e CMakeFiles/STM32C031_CMake_Demo.dir/Core/Src/main.c.obj
 .debug_macro   0x0000fbe8       0x43 CMakeFiles/STM32C031_CMake_Demo.dir/Core/Src/main.c.obj
 .debug_macro   0x0000fc2b      0x1f1 CMakeFiles/STM32C031_CMake_Demo.dir/Core/Src/main.c.obj
 .debug_macro   0x0000fe1c      0x1b1 CMakeFiles/STM32C031_CMake_Demo.dir/Core/Src/main.c.obj
 .debug_macro   0x0000ffcd      0x37c CMakeFiles/STM32C031_CMake_Demo.dir/Core/Src/main.c.obj
 .debug_macro   0x00010349       0x28 CMakeFiles/STM32C031_CMake_Demo.dir/Core/Src/main.c.obj
 .debug_macro   0x00010371       0xb3 CMakeFiles/STM32C031_CMake_Demo.dir/Core/Src/main.c.obj
 .debug_macro   0x00010424      0x104 CMakeFiles/STM32C031_CMake_Demo.dir/Core/Src/main.c.obj
 .debug_macro   0x00010528       0xf6 CMakeFiles/STM32C031_CMake_Demo.dir/Core/Src/main.c.obj
 .debug_macro   0x0001061e      0x3a9 CMakeFiles/STM32C031_CMake_Demo.dir/Core/Src/main.c.obj
 .debug_macro   0x000109c7      0x1bc CMakeFiles/STM32C031_CMake_Demo.dir/Core/Src/stm32c0xx_it.c.obj
 .debug_macro   0x00010b83      0x1b2 CMakeFiles/STM32C031_CMake_Demo.dir/Core/Src/stm32c0xx_hal_msp.c.obj
 .debug_macro   0x00010d35      0x1a8 CMakeFiles/STM32C031_CMake_Demo.dir/Drivers/STM32C0xx_HAL_Driver/Src/stm32c0xx_hal_cortex.c.obj
 .debug_macro   0x00010edd      0x1c6 CMakeFiles/STM32C031_CMake_Demo.dir/Drivers/STM32C0xx_HAL_Driver/Src/stm32c0xx_hal.c.obj
 .debug_macro   0x000110a3      0x1d8 CMakeFiles/STM32C031_CMake_Demo.dir/Drivers/STM32C0xx_HAL_Driver/Src/stm32c0xx_hal_rcc.c.obj
 .debug_macro   0x0001127b      0x1ae CMakeFiles/STM32C031_CMake_Demo.dir/Core/Src/system_stm32c0xx.c.obj

.debug_line     0x00000000     0x42a9
 .debug_line    0x00000000      0x7c9 CMakeFiles/STM32C031_CMake_Demo.dir/Core/Src/main.c.obj
 .debug_line    0x000007c9      0x7c6 CMakeFiles/STM32C031_CMake_Demo.dir/Core/Src/stm32c0xx_it.c.obj
 .debug_line    0x00000f8f      0x762 CMakeFiles/STM32C031_CMake_Demo.dir/Core/Src/stm32c0xx_hal_msp.c.obj
 .debug_line    0x000016f1      0xbb3 CMakeFiles/STM32C031_CMake_Demo.dir/Drivers/STM32C0xx_HAL_Driver/Src/stm32c0xx_hal_cortex.c.obj
 .debug_line    0x000022a4      0xa90 CMakeFiles/STM32C031_CMake_Demo.dir/Drivers/STM32C0xx_HAL_Driver/Src/stm32c0xx_hal.c.obj
 .debug_line    0x00002d34      0xd3a CMakeFiles/STM32C031_CMake_Demo.dir/Drivers/STM32C0xx_HAL_Driver/Src/stm32c0xx_hal_rcc.c.obj
 .debug_line    0x00003a6e      0x7be CMakeFiles/STM32C031_CMake_Demo.dir/Core/Src/system_stm32c0xx.c.obj
 .debug_line    0x0000422c       0x7d CMakeFiles/STM32C031_CMake_Demo.dir/startup_stm32c031xx.s.obj

.debug_str      0x00000000    0x6bb84
 .debug_str     0x00000000    0x6aac1 CMakeFiles/STM32C031_CMake_Demo.dir/Core/Src/main.c.obj
                              0x6b03c (size before relaxing)
 .debug_str     0x0006aac1       0xab CMakeFiles/STM32C031_CMake_Demo.dir/Core/Src/stm32c0xx_it.c.obj
                              0x6af22 (size before relaxing)
 .debug_str     0x0006ab6c      0x10c CMakeFiles/STM32C031_CMake_Demo.dir/Core/Src/stm32c0xx_hal_msp.c.obj
                              0x6af97 (size before relaxing)
 .debug_str     0x0006ac78      0x4b1 CMakeFiles/STM32C031_CMake_Demo.dir/Drivers/STM32C0xx_HAL_Driver/Src/stm32c0xx_hal_cortex.c.obj
                              0x6b431 (size before relaxing)
 .debug_str     0x0006b129      0x451 CMakeFiles/STM32C031_CMake_Demo.dir/Drivers/STM32C0xx_HAL_Driver/Src/stm32c0xx_hal.c.obj
                              0x6b60e (size before relaxing)
 .debug_str     0x0006b57a      0x527 CMakeFiles/STM32C031_CMake_Demo.dir/Drivers/STM32C0xx_HAL_Driver/Src/stm32c0xx_hal_rcc.c.obj
                              0x6b60f (size before relaxing)
 .debug_str     0x0006baa1       0x85 CMakeFiles/STM32C031_CMake_Demo.dir/Core/Src/system_stm32c0xx.c.obj
                              0x6b018 (size before relaxing)
 .debug_str     0x0006bb26       0x5e CMakeFiles/STM32C031_CMake_Demo.dir/startup_stm32c031xx.s.obj
                                 0x96 (size before relaxing)

.comment        0x00000000       0x43
 .comment       0x00000000       0x43 CMakeFiles/STM32C031_CMake_Demo.dir/Core/Src/main.c.obj
                                 0x44 (size before relaxing)
 .comment       0x00000043       0x44 CMakeFiles/STM32C031_CMake_Demo.dir/Core/Src/stm32c0xx_it.c.obj
 .comment       0x00000043       0x44 CMakeFiles/STM32C031_CMake_Demo.dir/Core/Src/stm32c0xx_hal_msp.c.obj
 .comment       0x00000043       0x44 CMakeFiles/STM32C031_CMake_Demo.dir/Drivers/STM32C0xx_HAL_Driver/Src/stm32c0xx_hal_cortex.c.obj
 .comment       0x00000043       0x44 CMakeFiles/STM32C031_CMake_Demo.dir/Drivers/STM32C0xx_HAL_Driver/Src/stm32c0xx_hal.c.obj
 .comment       0x00000043       0x44 CMakeFiles/STM32C031_CMake_Demo.dir/Drivers/STM32C0xx_HAL_Driver/Src/stm32c0xx_hal_rcc.c.obj
 .comment       0x00000043       0x44 CMakeFiles/STM32C031_CMake_Demo.dir/Core/Src/system_stm32c0xx.c.obj

.debug_line_str
                0x00000000       0x7a
 .debug_line_str
                0x00000000       0x7a CMakeFiles/STM32C031_CMake_Demo.dir/startup_stm32c031xx.s.obj
