Archive member included to satisfy reference by file (symbol)

C:/Program Files/STMicroelectronics/STM32CubeCLT_1.16.0/GNU-tools-for-STM32/bin/../lib/gcc/arm-none-eabi/12.3.1/../../../../arm-none-eabi/lib/thumb/v6-m/nofp\libc_nano.a(libc_a-exit.o)
                              C:/Program Files/STMicroelectronics/STM32CubeCLT_1.16.0/GNU-tools-for-STM32/bin/../lib/gcc/arm-none-eabi/12.3.1/../../../../arm-none-eabi/lib/thumb/v6-m/nofp/crt0.o (exit)
C:/Program Files/STMicroelectronics/STM32CubeCLT_1.16.0/GNU-tools-for-STM32/bin/../lib/gcc/arm-none-eabi/12.3.1/../../../../arm-none-eabi/lib/thumb/v6-m/nofp\libc_nano.a(libc_a-findfp.o)
                              C:/Program Files/STMicroelectronics/STM32CubeCLT_1.16.0/GNU-tools-for-STM32/bin/../lib/gcc/arm-none-eabi/12.3.1/../../../../arm-none-eabi/lib/thumb/v6-m/nofp\libc_nano.a(libc_a-exit.o) (__stdio_exit_handler)
C:/Program Files/STMicroelectronics/STM32CubeCLT_1.16.0/GNU-tools-for-STM32/bin/../lib/gcc/arm-none-eabi/12.3.1/../../../../arm-none-eabi/lib/thumb/v6-m/nofp\libc_nano.a(libc_a-fwalk.o)
                              C:/Program Files/STMicroelectronics/STM32CubeCLT_1.16.0/GNU-tools-for-STM32/bin/../lib/gcc/arm-none-eabi/12.3.1/../../../../arm-none-eabi/lib/thumb/v6-m/nofp\libc_nano.a(libc_a-findfp.o) (_fwalk_sglue)
C:/Program Files/STMicroelectronics/STM32CubeCLT_1.16.0/GNU-tools-for-STM32/bin/../lib/gcc/arm-none-eabi/12.3.1/../../../../arm-none-eabi/lib/thumb/v6-m/nofp\libc_nano.a(libc_a-stdio.o)
                              C:/Program Files/STMicroelectronics/STM32CubeCLT_1.16.0/GNU-tools-for-STM32/bin/../lib/gcc/arm-none-eabi/12.3.1/../../../../arm-none-eabi/lib/thumb/v6-m/nofp\libc_nano.a(libc_a-findfp.o) (__sread)
C:/Program Files/STMicroelectronics/STM32CubeCLT_1.16.0/GNU-tools-for-STM32/bin/../lib/gcc/arm-none-eabi/12.3.1/../../../../arm-none-eabi/lib/thumb/v6-m/nofp\libc_nano.a(libc_a-memset.o)
                              C:/Program Files/STMicroelectronics/STM32CubeCLT_1.16.0/GNU-tools-for-STM32/bin/../lib/gcc/arm-none-eabi/12.3.1/../../../../arm-none-eabi/lib/thumb/v6-m/nofp/crt0.o (memset)
C:/Program Files/STMicroelectronics/STM32CubeCLT_1.16.0/GNU-tools-for-STM32/bin/../lib/gcc/arm-none-eabi/12.3.1/../../../../arm-none-eabi/lib/thumb/v6-m/nofp\libc_nano.a(libc_a-closer.o)
                              C:/Program Files/STMicroelectronics/STM32CubeCLT_1.16.0/GNU-tools-for-STM32/bin/../lib/gcc/arm-none-eabi/12.3.1/../../../../arm-none-eabi/lib/thumb/v6-m/nofp\libc_nano.a(libc_a-stdio.o) (_close_r)
C:/Program Files/STMicroelectronics/STM32CubeCLT_1.16.0/GNU-tools-for-STM32/bin/../lib/gcc/arm-none-eabi/12.3.1/../../../../arm-none-eabi/lib/thumb/v6-m/nofp\libc_nano.a(libc_a-reent.o)
                              C:/Program Files/STMicroelectronics/STM32CubeCLT_1.16.0/GNU-tools-for-STM32/bin/../lib/gcc/arm-none-eabi/12.3.1/../../../../arm-none-eabi/lib/thumb/v6-m/nofp\libc_nano.a(libc_a-closer.o) (errno)
C:/Program Files/STMicroelectronics/STM32CubeCLT_1.16.0/GNU-tools-for-STM32/bin/../lib/gcc/arm-none-eabi/12.3.1/../../../../arm-none-eabi/lib/thumb/v6-m/nofp\libc_nano.a(libc_a-impure.o)
                              C:/Program Files/STMicroelectronics/STM32CubeCLT_1.16.0/GNU-tools-for-STM32/bin/../lib/gcc/arm-none-eabi/12.3.1/../../../../arm-none-eabi/lib/thumb/v6-m/nofp\libc_nano.a(libc_a-reent.o) (_impure_ptr)
C:/Program Files/STMicroelectronics/STM32CubeCLT_1.16.0/GNU-tools-for-STM32/bin/../lib/gcc/arm-none-eabi/12.3.1/../../../../arm-none-eabi/lib/thumb/v6-m/nofp\libc_nano.a(libc_a-lseekr.o)
                              C:/Program Files/STMicroelectronics/STM32CubeCLT_1.16.0/GNU-tools-for-STM32/bin/../lib/gcc/arm-none-eabi/12.3.1/../../../../arm-none-eabi/lib/thumb/v6-m/nofp\libc_nano.a(libc_a-stdio.o) (_lseek_r)
C:/Program Files/STMicroelectronics/STM32CubeCLT_1.16.0/GNU-tools-for-STM32/bin/../lib/gcc/arm-none-eabi/12.3.1/../../../../arm-none-eabi/lib/thumb/v6-m/nofp\libc_nano.a(libc_a-readr.o)
                              C:/Program Files/STMicroelectronics/STM32CubeCLT_1.16.0/GNU-tools-for-STM32/bin/../lib/gcc/arm-none-eabi/12.3.1/../../../../arm-none-eabi/lib/thumb/v6-m/nofp\libc_nano.a(libc_a-stdio.o) (_read_r)
C:/Program Files/STMicroelectronics/STM32CubeCLT_1.16.0/GNU-tools-for-STM32/bin/../lib/gcc/arm-none-eabi/12.3.1/../../../../arm-none-eabi/lib/thumb/v6-m/nofp\libc_nano.a(libc_a-writer.o)
                              C:/Program Files/STMicroelectronics/STM32CubeCLT_1.16.0/GNU-tools-for-STM32/bin/../lib/gcc/arm-none-eabi/12.3.1/../../../../arm-none-eabi/lib/thumb/v6-m/nofp\libc_nano.a(libc_a-stdio.o) (_write_r)
C:/Program Files/STMicroelectronics/STM32CubeCLT_1.16.0/GNU-tools-for-STM32/bin/../lib/gcc/arm-none-eabi/12.3.1/../../../../arm-none-eabi/lib/thumb/v6-m/nofp\libc_nano.a(libc_a-init.o)
                              C:/Program Files/STMicroelectronics/STM32CubeCLT_1.16.0/GNU-tools-for-STM32/bin/../lib/gcc/arm-none-eabi/12.3.1/../../../../arm-none-eabi/lib/thumb/v6-m/nofp/crt0.o (__libc_init_array)
[...]
Memory Configuration

Name             Origin             Length             Attributes
RAM              0x20000000         0x00003000         xrw
FLASH            0x08000000         0x00008000         xr
*default*        0x00000000         0xffffffff

Linker script and memory map

LOAD C:/Program Files/STMicroelectronics/STM32CubeCLT_1.16.0/GNU-tools-for-STM32/bin/../lib/gcc/arm-none-eabi/12.3.1/thumb/v6-m/nofp/crti.o
LOAD C:/Program Files/STMicroelectronics/STM32CubeCLT_1.16.0/GNU-tools-for-STM32/bin/../lib/gcc/arm-none-eabi/12.3.1/thumb/v6-m/nofp/crtbegin.o
LOAD C:/Program Files/STMicroelectronics/STM32CubeCLT_1.16.0/GNU-tools-for-STM32/bin/../lib/gcc/arm-none-eabi/12.3.1/../../../../arm-none-eabi/lib/thumb/v6-m/nofp/crt0.o
START GROUP
LOAD C:/Program Files/STMicroelectronics/STM32CubeCLT_1.16.0/GNU-tools-for-STM32/bin/../lib/gcc/arm-none-eabi/12.3.1/../../../../arm-none-eabi/lib/thumb/v6-m/nofp\libc_nano.a
LOAD C:/Program Files/STMicroelectronics/STM32CubeCLT_1.16.0/GNU-tools-for-STM32/bin/../lib/gcc/arm-none-eabi/12.3.1/../../../../arm-none-eabi/lib/thumb/v6-m/nofp\libm.a
END GROUP
LOAD CMakeFiles/STM32C031_CMake_Demo.dir/Core/Src/main.c.obj
LOAD CMakeFiles/STM32C031_CMake_Demo.dir/Core/Src/gpio.c.obj
LOAD CMakeFiles/STM32C031_CMake_Demo.dir/Core/Src/adc.c.obj
LOAD CMakeFiles/STM32C031_CMake_Demo.dir/Core/Src/dma.c.obj
LOAD CMakeFiles/STM32C031_CMake_Demo.dir/Core/Src/stm32c0xx_it.c.obj
LOAD CMakeFiles/STM32C031_CMake_Demo.dir/Core/Src/stm32c0xx_hal_msp.c.obj
LOAD CMakeFiles/STM32C031_CMake_Demo.dir/Drivers/STM32C0xx_HAL_Driver/Src/stm32c0xx_hal.c.obj
LOAD CMakeFiles/STM32C031_CMake_Demo.dir/Drivers/STM32C0xx_HAL_Driver/Src/stm32c0xx_hal_adc.c.obj
LOAD CMakeFiles/STM32C031_CMake_Demo.dir/Drivers/STM32C0xx_HAL_Driver/Src/stm32c0xx_hal_adc_ex.c.obj
LOAD CMakeFiles/STM32C031_CMake_Demo.dir/Drivers/STM32C0xx_HAL_Driver/Src/stm32c0xx_hal_dma.c.obj
LOAD CMakeFiles/STM32C031_CMake_Demo.dir/Drivers/STM32C0xx_HAL_Driver/Src/stm32c0xx_hal_dma_ex.c.obj
LOAD CMakeFiles/STM32C031_CMake_Demo.dir/Drivers/STM32C0xx_HAL_Driver/Src/stm32c0xx_hal_rcc.c.obj
LOAD CMakeFiles/STM32C031_CMake_Demo.dir/Drivers/STM32C0xx_HAL_Driver/Src/stm32c0xx_hal_rcc_ex.c.obj
LOAD CMakeFiles/STM32C031_CMake_Demo.dir/Drivers/STM32C0xx_HAL_Driver/Src/stm32c0xx_hal_flash.c.obj
LOAD CMakeFiles/STM32C031_CMake_Demo.dir/Drivers/STM32C0xx_HAL_Driver/Src/stm32c0xx_hal_flash_ex.c.obj
LOAD CMakeFiles/STM32C031_CMake_Demo.dir/Drivers/STM32C0xx_HAL_Driver/Src/stm32c0xx_hal_gpio.c.obj
LOAD CMakeFiles/STM32C031_CMake_Demo.dir/Drivers/STM32C0xx_HAL_Driver/Src/stm32c0xx_hal_pwr.c.obj
LOAD CMakeFiles/STM32C031_CMake_Demo.dir/Drivers/STM32C0xx_HAL_Driver/Src/stm32c0xx_hal_pwr_ex.c.obj
LOAD CMakeFiles/STM32C031_CMake_Demo.dir/Drivers/STM32C0xx_HAL_Driver/Src/stm32c0xx_hal_cortex.c.obj
LOAD CMakeFiles/STM32C031_CMake_Demo.dir/Drivers/STM32C0xx_HAL_Driver/Src/stm32c0xx_hal_exti.c.obj
LOAD CMakeFiles/STM32C031_CMake_Demo.dir/Drivers/STM32C0xx_HAL_Driver/Src/stm32c0xx_hal_tim.c.obj
LOAD CMakeFiles/STM32C031_CMake_Demo.dir/Drivers/STM32C0xx_HAL_Driver/Src/stm32c0xx_hal_tim_ex.c.obj
LOAD CMakeFiles/STM32C031_CMake_Demo.dir/Core/Src/system_stm32c0xx.c.obj
LOAD CMakeFiles/STM32C031_CMake_Demo.dir/Core/Src/sysmem.c.obj
LOAD CMakeFiles/STM32C031_CMake_Demo.dir/Core/Src/syscalls.c.obj
LOAD CMakeFiles/STM32C031_CMake_Demo.dir/startup_stm32c031xx.s.obj
START GROUP
LOAD C:/Program Files/STMicroelectronics/STM32CubeCLT_1.16.0/GNU-tools-for-STM32/bin/../lib/gcc/arm-none-eabi/12.3.1/thumb/v6-m/nofp\libgcc.a
LOAD C:/Program Files/STMicroelectronics/STM32CubeCLT_1.16.0/GNU-tools-for-STM32/bin/../lib/gcc/arm-none-eabi/12.3.1/../../../../arm-none-eabi/lib/thumb/v6-m/nofp\libg_nano.a
LOAD C:/Program Files/STMicroelectronics/STM32CubeCLT_1.16.0/GNU-tools-for-STM32/bin/../lib/gcc/arm-none-eabi/12.3.1/../../../../arm-none-eabi/lib/thumb/v6-m/nofp\libc_nano.a
END GROUP
START GROUP
LOAD C:/Program Files/STMicroelectronics/STM32CubeCLT_1.16.0/GNU-tools-for-STM32/bin/../lib/gcc/arm-none-eabi/12.3.1/thumb/v6-m/nofp\libgcc.a
LOAD C:/Program Files/STMicroelectronics/STM32CubeCLT_1.16.0/GNU-tools-for-STM32/bin/../lib/gcc/arm-none-eabi/12.3.1/../../../../arm-none-eabi/lib/thumb/v6-m/nofp\libc_nano.a
END GROUP
LOAD C:/Program Files/STMicroelectronics/STM32CubeCLT_1.16.0/GNU-tools-for-STM32/bin/../lib/gcc/arm-none-eabi/12.3.1/thumb/v6-m/nofp/crtend.o
LOAD C:/Program Files/STMicroelectronics/STM32CubeCLT_1.16.0/GNU-tools-for-STM32/bin/../lib/gcc/arm-none-eabi/12.3.1/thumb/v6-m/nofp/crtn.o
                0x20003000                        _estack = (ORIGIN (RAM) + LENGTH (RAM))
                0x00000200                        _Min_Heap_Size = 0x200
                0x00000400                        _Min_Stack_Size = 0x400

.isr_vector     0x08000000       0xc0
                0x08000000                        . = ALIGN (0x4)
 *(.isr_vector)
 .isr_vector    0x08000000       0xc0 CMakeFiles/STM32C031_CMake_Demo.dir/startup_stm32c031xx.s.obj
                0x08000000                g_pfnVectors
                0x080000c0                        . = ALIGN (0x4)

.text           0x080000c0     0x2e6c
                0x080000c0                        . = ALIGN (0x4)
 *(.text)
 .text          0x080000c0       0x48 C:/Program Files/STMicroelectronics/STM32CubeCLT_1.16.0/GNU-tools-for-STM32/bin/../lib/gcc/arm-none-eabi/12.3.1/thumb/v6-m/nofp/crtbegin.o
 .text          0x08000108      0x114 C:/Program Files/STMicroelectronics/STM32CubeCLT_1.16.0/GNU-tools-for-STM32/bin/../lib/gcc/arm-none-eabi/12.3.1/thumb/v6-m/nofp\libgcc.a(_udivsi3.o)
                0x08000108                __aeabi_uidiv
                0x08000108                __udivsi3
                0x08000214                __aeabi_uidivmod
 .text          0x0800021c        0x4 C:/Program Files/STMicroelectronics/STM32CubeCLT_1.16.0/GNU-tools-for-STM32/bin/../lib/gcc/arm-none-eabi/12.3.1/thumb/v6-m/nofp\libgcc.a(_dvmd_tls.o)
                0x0800021c                __aeabi_idiv0
                0x0800021c                __aeabi_ldiv0
 .text          0x08000220      0x240 C:/Program Files/STMicroelectronics/STM32CubeCLT_1.16.0/GNU-tools-for-STM32/bin/../lib/gcc/arm-none-eabi/12.3.1/thumb/v6-m/nofp\libgcc.a(divsf3.o)
                0x08000220                __aeabi_fdiv
 .text          0x08000460      0x27c C:/Program Files/STMicroelectronics/STM32CubeCLT_1.16.0/GNU-tools-for-STM32/bin/../lib/gcc/arm-none-eabi/12.3.1/thumb/v6-m/nofp\libgcc.a(mulsf3.o)
                0x08000460                __aeabi_fmul
 .text          0x080006dc       0x98 C:/Program Files/STMicroelectronics/STM32CubeCLT_1.16.0/GNU-tools-for-STM32/bin/../lib/gcc/arm-none-eabi/12.3.1/thumb/v6-m/nofp\libgcc.a(floatsisf.o)
                0x080006dc                __aeabi_i2f
 .text          0x08000774       0x3c C:/Program Files/STMicroelectronics/STM32CubeCLT_1.16.0/GNU-tools-for-STM32/bin/../lib/gcc/arm-none-eabi/12.3.1/thumb/v6-m/nofp\libgcc.a(_clzsi2.o)
                0x08000774                __clzsi2
 *(.text*)
 .text.memset   0x080007b0       0x10 C:/Program Files/STMicroelectronics/STM32CubeCLT_1.16.0/GNU-tools-for-STM32/bin/../lib/gcc/arm-none-eabi/12.3.1/../../../../arm-none-eabi/lib/thumb/v6-m/nofp\libc_nano.a(libc_a-memset.o)
                0x080007b0                memset
 .text.__libc_init_array
                0x080007c0       0x48 C:/Program Files/STMicroelectronics/STM32CubeCLT_1.16.0/GNU-tools-for-STM32/bin/../lib/gcc/arm-none-eabi/12.3.1/../../../../arm-none-eabi/lib/thumb/v6-m/nofp\libc_nano.a(libc_a-init.o)
                0x080007c0                __libc_init_array
 .text.main     0x08000808       0x68 CMakeFiles/STM32C031_CMake_Demo.dir/Core/Src/main.c.obj
                0x08000808                main
 .text.SystemClock_Config
                0x08000870       0x86 CMakeFiles/STM32C031_CMake_Demo.dir/Core/Src/main.c.obj
                0x08000870                SystemClock_Config
 .text.Error_Handler
                0x080008f6        0xc CMakeFiles/STM32C031_CMake_Demo.dir/Core/Src/main.c.obj
                0x080008f6                Error_Handler
 *fill*         0x08000902        0x2 
 .text.MX_GPIO_Init
                0x08000904       0x2c CMakeFiles/STM32C031_CMake_Demo.dir/Core/Src/gpio.c.obj
                0x08000904                MX_GPIO_Init
 .text.MX_ADC1_Init
                0x08000930       0xc8 CMakeFiles/STM32C031_CMake_Demo.dir/Core/Src/adc.c.obj
                0x08000930                MX_ADC1_Init
 .text.HAL_ADC_MspInit
                0x080009f8      0x128 CMakeFiles/STM32C031_CMake_Demo.dir/Core/Src/adc.c.obj
                0x080009f8                HAL_ADC_MspInit
 .text.MX_DMA_Init
                0x08000b20       0x3c CMakeFiles/STM32C031_CMake_Demo.dir/Core/Src/dma.c.obj
                0x08000b20                MX_DMA_Init
 .text.NMI_Handler
                0x08000b5c        0x8 CMakeFiles/STM32C031_CMake_Demo.dir/Core/Src/stm32c0xx_it.c.obj
                0x08000b5c                NMI_Handler
 .text.HardFault_Handler
                0x08000b64        0x8 CMakeFiles/STM32C031_CMake_Demo.dir/Core/Src/stm32c0xx_it.c.obj
                0x08000b64                HardFault_Handler
 .text.SVC_Handler
                0x08000b6c        0xa CMakeFiles/STM32C031_CMake_Demo.dir/Core/Src/stm32c0xx_it.c.obj
                0x08000b6c                SVC_Handler
 .text.PendSV_Handler
                0x08000b76        0xa CMakeFiles/STM32C031_CMake_Demo.dir/Core/Src/stm32c0xx_it.c.obj
                0x08000b76                PendSV_Handler
 .text.SysTick_Handler
                0x08000b80        0xe CMakeFiles/STM32C031_CMake_Demo.dir/Core/Src/stm32c0xx_it.c.obj
                0x08000b80                SysTick_Handler
 *fill*         0x08000b8e        0x2 
 .text.DMA1_Channel1_IRQHandler
                0x08000b90       0x18 CMakeFiles/STM32C031_CMake_Demo.dir/Core/Src/stm32c0xx_it.c.obj
                0x08000b90                DMA1_Channel1_IRQHandler
 .text.ADC1_IRQHandler
                0x08000ba8       0x18 CMakeFiles/STM32C031_CMake_Demo.dir/Core/Src/stm32c0xx_it.c.obj
                0x08000ba8                ADC1_IRQHandler
 .text.HAL_MspInit
                0x08000bc0       0x48 CMakeFiles/STM32C031_CMake_Demo.dir/Core/Src/stm32c0xx_hal_msp.c.obj
                0x08000bc0                HAL_MspInit
 .text.HAL_Init
                0x08000c08       0x2e CMakeFiles/STM32C031_CMake_Demo.dir/Drivers/STM32C0xx_HAL_Driver/Src/stm32c0xx_hal.c.obj
                0x08000c08                HAL_Init
 *fill*         0x08000c36        0x2 
 .text.HAL_InitTick
                0x08000c38       0x94 CMakeFiles/STM32C031_CMake_Demo.dir/Drivers/STM32C0xx_HAL_Driver/Src/stm32c0xx_hal.c.obj
                0x08000c38                HAL_InitTick
 .text.HAL_IncTick
                0x08000ccc       0x24 CMakeFiles/STM32C031_CMake_Demo.dir/Drivers/STM32C0xx_HAL_Driver/Src/stm32c0xx_hal.c.obj
                0x08000ccc                HAL_IncTick
 .text.HAL_GetTick
                0x08000cf0       0x14 CMakeFiles/STM32C031_CMake_Demo.dir/Drivers/STM32C0xx_HAL_Driver/Src/stm32c0xx_hal.c.obj
                0x08000cf0                HAL_GetTick
 .text.LL_ADC_SetCommonPathInternalCh
                0x08000d04       0x28 CMakeFiles/STM32C031_CMake_Demo.dir/Drivers/STM32C0xx_HAL_Driver/Src/stm32c0xx_hal_adc.c.obj
 .text.LL_ADC_GetCommonPathInternalCh
                0x08000d2c       0x1a CMakeFiles/STM32C031_CMake_Demo.dir/Drivers/STM32C0xx_HAL_Driver/Src/stm32c0xx_hal_adc.c.obj
 .text.LL_ADC_SetSamplingTimeCommonChannels
                0x08000d46       0x3a CMakeFiles/STM32C031_CMake_Demo.dir/Drivers/STM32C0xx_HAL_Driver/Src/stm32c0xx_hal_adc.c.obj
 .text.LL_ADC_GetSamplingTimeCommonChannels
                0x08000d80       0x2e CMakeFiles/STM32C031_CMake_Demo.dir/Drivers/STM32C0xx_HAL_Driver/Src/stm32c0xx_hal_adc.c.obj
 .text.LL_ADC_REG_IsTriggerSourceSWStart
                0x08000dae       0x22 CMakeFiles/STM32C031_CMake_Demo.dir/Drivers/STM32C0xx_HAL_Driver/Src/stm32c0xx_hal_adc.c.obj
 .text.LL_ADC_REG_SetSequencerRanks
                0x08000dd0       0x40 CMakeFiles/STM32C031_CMake_Demo.dir/Drivers/STM32C0xx_HAL_Driver/Src/stm32c0xx_hal_adc.c.obj
 .text.LL_ADC_REG_SetSequencerChAdd
                0x08000e10       0x22 CMakeFiles/STM32C031_CMake_Demo.dir/Drivers/STM32C0xx_HAL_Driver/Src/stm32c0xx_hal_adc.c.obj
 .text.LL_ADC_REG_SetSequencerChRem
                0x08000e32       0x24 CMakeFiles/STM32C031_CMake_Demo.dir/Drivers/STM32C0xx_HAL_Driver/Src/stm32c0xx_hal_adc.c.obj
 .text.LL_ADC_REG_GetDMATransfer
                0x08000e56       0x18 CMakeFiles/STM32C031_CMake_Demo.dir/Drivers/STM32C0xx_HAL_Driver/Src/stm32c0xx_hal_adc.c.obj
 *fill*         0x08000e6e        0x2 
 .text.LL_ADC_SetChannelSamplingTime
                0x08000e70       0x38 CMakeFiles/STM32C031_CMake_Demo.dir/Drivers/STM32C0xx_HAL_Driver/Src/stm32c0xx_hal_adc.c.obj
 .text.LL_ADC_EnableInternalRegulator
                0x08000ea8       0x28 CMakeFiles/STM32C031_CMake_Demo.dir/Drivers/STM32C0xx_HAL_Driver/Src/stm32c0xx_hal_adc.c.obj
 .text.LL_ADC_IsInternalRegulatorEnabled
                0x08000ed0       0x28 CMakeFiles/STM32C031_CMake_Demo.dir/Drivers/STM32C0xx_HAL_Driver/Src/stm32c0xx_hal_adc.c.obj
 .text.LL_ADC_Enable
                0x08000ef8       0x24 CMakeFiles/STM32C031_CMake_Demo.dir/Drivers/STM32C0xx_HAL_Driver/Src/stm32c0xx_hal_adc.c.obj
 .text.LL_ADC_Disable
                0x08000f1c       0x24 CMakeFiles/STM32C031_CMake_Demo.dir/Drivers/STM32C0xx_HAL_Driver/Src/stm32c0xx_hal_adc.c.obj
 .text.LL_ADC_IsEnabled
                0x08000f40       0x22 CMakeFiles/STM32C031_CMake_Demo.dir/Drivers/STM32C0xx_HAL_Driver/Src/stm32c0xx_hal_adc.c.obj
 *fill*         0x08000f62        0x2 
 .text.LL_ADC_REG_StartConversion
                0x08000f64       0x24 CMakeFiles/STM32C031_CMake_Demo.dir/Drivers/STM32C0xx_HAL_Driver/Src/stm32c0xx_hal_adc.c.obj
 .text.LL_ADC_REG_IsConversionOngoing
                0x08000f88       0x22 CMakeFiles/STM32C031_CMake_Demo.dir/Drivers/STM32C0xx_HAL_Driver/Src/stm32c0xx_hal_adc.c.obj
 *fill*         0x08000faa        0x2 
 .text.HAL_ADC_Init
                0x08000fac      0x34c CMakeFiles/STM32C031_CMake_Demo.dir/Drivers/STM32C0xx_HAL_Driver/Src/stm32c0xx_hal_adc.c.obj
                0x08000fac                HAL_ADC_Init
 .text.HAL_ADC_Start_DMA
                0x080012f8      0x11c CMakeFiles/STM32C031_CMake_Demo.dir/Drivers/STM32C0xx_HAL_Driver/Src/stm32c0xx_hal_adc.c.obj
                0x080012f8                HAL_ADC_Start_DMA
 .text.HAL_ADC_IRQHandler
                0x08001414      0x294 CMakeFiles/STM32C031_CMake_Demo.dir/Drivers/STM32C0xx_HAL_Driver/Src/stm32c0xx_hal_adc.c.obj
                0x08001414                HAL_ADC_IRQHandler
 .text.HAL_ADC_ConvCpltCallback
                0x080016a8       0x10 CMakeFiles/STM32C031_CMake_Demo.dir/Drivers/STM32C0xx_HAL_Driver/Src/stm32c0xx_hal_adc.c.obj
                0x080016a8                HAL_ADC_ConvCpltCallback
 .text.HAL_ADC_ConvHalfCpltCallback
                0x080016b8       0x10 CMakeFiles/STM32C031_CMake_Demo.dir/Drivers/STM32C0xx_HAL_Driver/Src/stm32c0xx_hal_adc.c.obj
                0x080016b8                HAL_ADC_ConvHalfCpltCallback
 .text.HAL_ADC_LevelOutOfWindowCallback
                0x080016c8       0x10 CMakeFiles/STM32C031_CMake_Demo.dir/Drivers/STM32C0xx_HAL_Driver/Src/stm32c0xx_hal_adc.c.obj
                0x080016c8                HAL_ADC_LevelOutOfWindowCallback
 .text.HAL_ADC_ErrorCallback
                0x080016d8       0x10 CMakeFiles/STM32C031_CMake_Demo.dir/Drivers/STM32C0xx_HAL_Driver/Src/stm32c0xx_hal_adc.c.obj
                0x080016d8                HAL_ADC_ErrorCallback
 .text.HAL_ADC_CalibrationCpltCallback
                0x080016e8       0x10 CMakeFiles/STM32C031_CMake_Demo.dir/Drivers/STM32C0xx_HAL_Driver/Src/stm32c0xx_hal_adc.c.obj
                0x080016e8                HAL_ADC_CalibrationCpltCallback
 .text.HAL_ADC_ADCReadyCallback
                0x080016f8       0x10 CMakeFiles/STM32C031_CMake_Demo.dir/Drivers/STM32C0xx_HAL_Driver/Src/stm32c0xx_hal_adc.c.obj
                0x080016f8                HAL_ADC_ADCReadyCallback
 .text.HAL_ADC_ConfigChannel
                0x08001708      0x3ac CMakeFiles/STM32C031_CMake_Demo.dir/Drivers/STM32C0xx_HAL_Driver/Src/stm32c0xx_hal_adc.c.obj
                0x08001708                HAL_ADC_ConfigChannel
 .text.ADC_Enable
                0x08001ab4       0xfc CMakeFiles/STM32C031_CMake_Demo.dir/Drivers/STM32C0xx_HAL_Driver/Src/stm32c0xx_hal_adc.c.obj
                0x08001ab4                ADC_Enable
 .text.ADC_DMAConvCplt
                0x08001bb0       0xc8 CMakeFiles/STM32C031_CMake_Demo.dir/Drivers/STM32C0xx_HAL_Driver/Src/stm32c0xx_hal_adc.c.obj
 .text.ADC_DMAHalfConvCplt
                0x08001c78       0x1e CMakeFiles/STM32C031_CMake_Demo.dir/Drivers/STM32C0xx_HAL_Driver/Src/stm32c0xx_hal_adc.c.obj
 .text.ADC_DMAError
                0x08001c96       0x36 CMakeFiles/STM32C031_CMake_Demo.dir/Drivers/STM32C0xx_HAL_Driver/Src/stm32c0xx_hal_adc.c.obj
 .text.HAL_ADCEx_LevelOutOfWindow2Callback
                0x08001ccc       0x10 CMakeFiles/STM32C031_CMake_Demo.dir/Drivers/STM32C0xx_HAL_Driver/Src/stm32c0xx_hal_adc_ex.c.obj
                0x08001ccc                HAL_ADCEx_LevelOutOfWindow2Callback
 .text.HAL_ADCEx_LevelOutOfWindow3Callback
                0x08001cdc       0x10 CMakeFiles/STM32C031_CMake_Demo.dir/Drivers/STM32C0xx_HAL_Driver/Src/stm32c0xx_hal_adc_ex.c.obj
                0x08001cdc                HAL_ADCEx_LevelOutOfWindow3Callback
 .text.HAL_ADCEx_EndOfSamplingCallback
                0x08001cec       0x10 CMakeFiles/STM32C031_CMake_Demo.dir/Drivers/STM32C0xx_HAL_Driver/Src/stm32c0xx_hal_adc_ex.c.obj
                0x08001cec                HAL_ADCEx_EndOfSamplingCallback
 .text.HAL_ADCEx_ChannelConfigReadyCallback
                0x08001cfc       0x10 CMakeFiles/STM32C031_CMake_Demo.dir/Drivers/STM32C0xx_HAL_Driver/Src/stm32c0xx_hal_adc_ex.c.obj
                0x08001cfc                HAL_ADCEx_ChannelConfigReadyCallback
 .text.HAL_DMA_Init
                0x08001d0c      0x114 CMakeFiles/STM32C031_CMake_Demo.dir/Drivers/STM32C0xx_HAL_Driver/Src/stm32c0xx_hal_dma.c.obj
                0x08001d0c                HAL_DMA_Init
 .text.HAL_DMA_Start_IT
                0x08001e20      0x10e CMakeFiles/STM32C031_CMake_Demo.dir/Drivers/STM32C0xx_HAL_Driver/Src/stm32c0xx_hal_dma.c.obj
                0x08001e20                HAL_DMA_Start_IT
 *fill*         0x08001f2e        0x2 
 .text.HAL_DMA_IRQHandler
                0x08001f30      0x164 CMakeFiles/STM32C031_CMake_Demo.dir/Drivers/STM32C0xx_HAL_Driver/Src/stm32c0xx_hal_dma.c.obj
                0x08001f30                HAL_DMA_IRQHandler
 .text.DMA_SetConfig
                0x08002094       0x80 CMakeFiles/STM32C031_CMake_Demo.dir/Drivers/STM32C0xx_HAL_Driver/Src/stm32c0xx_hal_dma.c.obj
 .text.DMA_CalcDMAMUXChannelBaseAndMask
                0x08002114       0x58 CMakeFiles/STM32C031_CMake_Demo.dir/Drivers/STM32C0xx_HAL_Driver/Src/stm32c0xx_hal_dma.c.obj
 .text.DMA_CalcDMAMUXRequestGenBaseAndMask
                0x0800216c       0x48 CMakeFiles/STM32C031_CMake_Demo.dir/Drivers/STM32C0xx_HAL_Driver/Src/stm32c0xx_hal_dma.c.obj
 .text.HAL_RCC_OscConfig
                0x080021b4      0x3c8 CMakeFiles/STM32C031_CMake_Demo.dir/Drivers/STM32C0xx_HAL_Driver/Src/stm32c0xx_hal_rcc.c.obj
                0x080021b4                HAL_RCC_OscConfig
 .text.HAL_RCC_ClockConfig
                0x0800257c      0x214 CMakeFiles/STM32C031_CMake_Demo.dir/Drivers/STM32C0xx_HAL_Driver/Src/stm32c0xx_hal_rcc.c.obj
                0x0800257c                HAL_RCC_ClockConfig
 .text.HAL_RCC_GetSysClockFreq
                0x08002790       0xa0 CMakeFiles/STM32C031_CMake_Demo.dir/Drivers/STM32C0xx_HAL_Driver/Src/stm32c0xx_hal_rcc.c.obj
                0x08002790                HAL_RCC_GetSysClockFreq
 .text.HAL_RCCEx_PeriphCLKConfig
                0x08002830      0x1d8 CMakeFiles/STM32C031_CMake_Demo.dir/Drivers/STM32C0xx_HAL_Driver/Src/stm32c0xx_hal_rcc_ex.c.obj
                0x08002830                HAL_RCCEx_PeriphCLKConfig
 .text.HAL_GPIO_Init
                0x08002a08      0x2e4 CMakeFiles/STM32C031_CMake_Demo.dir/Drivers/STM32C0xx_HAL_Driver/Src/stm32c0xx_hal_gpio.c.obj
                0x08002a08                HAL_GPIO_Init
 .text.__NVIC_EnableIRQ
                0x08002cec       0x34 CMakeFiles/STM32C031_CMake_Demo.dir/Drivers/STM32C0xx_HAL_Driver/Src/stm32c0xx_hal_cortex.c.obj
 .text.__NVIC_SetPriority
                0x08002d20       0xdc CMakeFiles/STM32C031_CMake_Demo.dir/Drivers/STM32C0xx_HAL_Driver/Src/stm32c0xx_hal_cortex.c.obj
 .text.SysTick_Config
                0x08002dfc       0x48 CMakeFiles/STM32C031_CMake_Demo.dir/Drivers/STM32C0xx_HAL_Driver/Src/stm32c0xx_hal_cortex.c.obj
 .text.HAL_NVIC_SetPriority
                0x08002e44       0x2a CMakeFiles/STM32C031_CMake_Demo.dir/Drivers/STM32C0xx_HAL_Driver/Src/stm32c0xx_hal_cortex.c.obj
                0x08002e44                HAL_NVIC_SetPriority
 .text.HAL_NVIC_EnableIRQ
                0x08002e6e       0x20 CMakeFiles/STM32C031_CMake_Demo.dir/Drivers/STM32C0xx_HAL_Driver/Src/stm32c0xx_hal_cortex.c.obj
                0x08002e6e                HAL_NVIC_EnableIRQ
 .text.HAL_SYSTICK_Config
                0x08002e8e       0x1a CMakeFiles/STM32C031_CMake_Demo.dir/Drivers/STM32C0xx_HAL_Driver/Src/stm32c0xx_hal_cortex.c.obj
                0x08002e8e                HAL_SYSTICK_Config
 .text.SystemInit
                0x08002ea8       0x18 CMakeFiles/STM32C031_CMake_Demo.dir/Core/Src/system_stm32c0xx.c.obj
                0x08002ea8                SystemInit
 .text.Reset_Handler
                0x08002ec0       0x50 CMakeFiles/STM32C031_CMake_Demo.dir/startup_stm32c031xx.s.obj
                0x08002ec0                Reset_Handler
 .text.Default_Handler
                0x08002f10        0x2 CMakeFiles/STM32C031_CMake_Demo.dir/startup_stm32c031xx.s.obj
                0x08002f10                TIM1_CC_IRQHandler
                0x08002f10                I2C1_IRQHandler
                0x08002f10                DMAMUX1_IRQHandler
                0x08002f10                SPI1_IRQHandler
                0x08002f10                EXTI2_3_IRQHandler
                0x08002f10                TIM17_IRQHandler
                0x08002f10                RTC_IRQHandler
                0x08002f10                TIM16_IRQHandler
                0x08002f10                TIM3_IRQHandler
                0x08002f10                EXTI4_15_IRQHandler
                0x08002f10                RCC_IRQHandler
                0x08002f10                Default_Handler
                0x08002f10                TIM14_IRQHandler
                0x08002f10                EXTI0_1_IRQHandler
                0x08002f10                WWDG_IRQHandler
                0x08002f10                DMA1_Channel2_3_IRQHandler
                0x08002f10                USART2_IRQHandler
                0x08002f10                FLASH_IRQHandler
                0x08002f10                USART1_IRQHandler
                0x08002f10                TIM1_BRK_UP_TRG_COM_IRQHandler
 *(.glue_7)
 .glue_7        0x08002f12        0x0 linker stubs
 *(.glue_7t)
 .glue_7t       0x08002f12        0x0 linker stubs
 *(.eh_frame)
 *fill*         0x08002f12        0x2 
 .eh_frame      0x08002f14        0x0 C:/Program Files/STMicroelectronics/STM32CubeCLT_1.16.0/GNU-tools-for-STM32/bin/../lib/gcc/arm-none-eabi/12.3.1/thumb/v6-m/nofp/crtbegin.o
 *(.init)
 .init          0x08002f14        0x4 C:/Program Files/STMicroelectronics/STM32CubeCLT_1.16.0/GNU-tools-for-STM32/bin/../lib/gcc/arm-none-eabi/12.3.1/thumb/v6-m/nofp/crti.o
                0x08002f14                _init
 .init          0x08002f18        0x8 C:/Program Files/STMicroelectronics/STM32CubeCLT_1.16.0/GNU-tools-for-STM32/bin/../lib/gcc/arm-none-eabi/12.3.1/thumb/v6-m/nofp/crtn.o
 *(.fini)
 .fini          0x08002f20        0x4 C:/Program Files/STMicroelectronics/STM32CubeCLT_1.16.0/GNU-tools-for-STM32/bin/../lib/gcc/arm-none-eabi/12.3.1/thumb/v6-m/nofp/crti.o
                0x08002f20                _fini
 .fini          0x08002f24        0x8 C:/Program Files/STMicroelectronics/STM32CubeCLT_1.16.0/GNU-tools-for-STM32/bin/../lib/gcc/arm-none-eabi/12.3.1/thumb/v6-m/nofp/crtn.o
                0x08002f2c                        . = ALIGN (0x4)
                0x08002f2c                        _etext = .

.vfp11_veneer   0x08002f2c        0x0
 .vfp11_veneer  0x08002f2c        0x0 linker stubs

.v4_bx          0x08002f2c        0x0
 .v4_bx         0x08002f2c        0x0 linker stubs

.iplt           0x08002f2c        0x0
 .iplt          0x08002f2c        0x0 C:/Program Files/STMicroelectronics/STM32CubeCLT_1.16.0/GNU-tools-for-STM32/bin/../lib/gcc/arm-none-eabi/12.3.1/thumb/v6-m/nofp/crtbegin.o

.rodata         0x08002f2c       0xbc
                0x08002f2c                        . = ALIGN (0x4)
 *(.rodata)
 .rodata        0x08002f2c       0x7c C:/Program Files/STMicroelectronics/STM32CubeCLT_1.16.0/GNU-tools-for-STM32/bin/../lib/gcc/arm-none-eabi/12.3.1/thumb/v6-m/nofp\libgcc.a(divsf3.o)
 *(.rodata*)
 .rodata.AHBPrescTable
                0x08002fa8       0x40 CMakeFiles/STM32C031_CMake_Demo.dir/Core/Src/system_stm32c0xx.c.obj
                0x08002fa8                AHBPrescTable
                0x08002fe8                        . = ALIGN (0x4)

.rel.dyn        0x08002fe8        0x0
 .rel.iplt      0x08002fe8        0x0 C:/Program Files/STMicroelectronics/STM32CubeCLT_1.16.0/GNU-tools-for-STM32/bin/../lib/gcc/arm-none-eabi/12.3.1/thumb/v6-m/nofp/crtbegin.o

.ARM.extab
 *(.ARM.extab* .gnu.linkonce.armextab.*)

.ARM            0x08002fe8        0x0
                0x08002fe8                        __exidx_start = .
 *(.ARM.exidx*)
                0x08002fe8                        __exidx_end = .

.preinit_array  0x08002fe8        0x0
                0x08002fe8                        PROVIDE (__preinit_array_start = .)
 *(.preinit_array*)
                0x08002fe8                        PROVIDE (__preinit_array_end = .)

.init_array     0x08002fe8        0x4
                0x08002fe8                        PROVIDE (__init_array_start = .)
 *(SORT_BY_NAME(.init_array.*))
 *(.init_array*)
 .init_array    0x08002fe8        0x4 C:/Program Files/STMicroelectronics/STM32CubeCLT_1.16.0/GNU-tools-for-STM32/bin/../lib/gcc/arm-none-eabi/12.3.1/thumb/v6-m/nofp/crtbegin.o
                0x08002fec                        PROVIDE (__init_array_end = .)

.fini_array     0x08002fec        0x4
                [!provide]                        PROVIDE (__fini_array_start = .)
 *(SORT_BY_NAME(.fini_array.*))
 *(.fini_array*)
 .fini_array    0x08002fec        0x4 C:/Program Files/STMicroelectronics/STM32CubeCLT_1.16.0/GNU-tools-for-STM32/bin/../lib/gcc/arm-none-eabi/12.3.1/thumb/v6-m/nofp/crtbegin.o
                [!provide]                        PROVIDE (__fini_array_end = .)
                0x08002ff0                        _sidata = LOADADDR (.data)

.data           0x20000000        0xc load address 0x08002ff0
                0x20000000                        . = ALIGN (0x4)
                0x20000000                        _sdata = .
 *(.data)
 *(.data*)
 .data.uwTickPrio
                0x20000000        0x4 CMakeFiles/STM32C031_CMake_Demo.dir/Drivers/STM32C0xx_HAL_Driver/Src/stm32c0xx_hal.c.obj
                0x20000000                uwTickPrio
 .data.uwTickFreq
                0x20000004        0x1 CMakeFiles/STM32C031_CMake_Demo.dir/Drivers/STM32C0xx_HAL_Driver/Src/stm32c0xx_hal.c.obj
                0x20000004                uwTickFreq
 *fill*         0x20000005        0x3 
 .data.SystemCoreClock
                0x20000008        0x4 CMakeFiles/STM32C031_CMake_Demo.dir/Core/Src/system_stm32c0xx.c.obj
                0x20000008                SystemCoreClock
                0x2000000c                        . = ALIGN (0x4)
                0x2000000c                        _edata = .

.igot.plt       0x2000000c        0x0 load address 0x08002ffc
 .igot.plt      0x2000000c        0x0 C:/Program Files/STMicroelectronics/STM32CubeCLT_1.16.0/GNU-tools-for-STM32/bin/../lib/gcc/arm-none-eabi/12.3.1/thumb/v6-m/nofp/crtbegin.o
                0x2000000c                        . = ALIGN (0x4)

.bss            0x2000000c      0x1ac load address 0x08002ffc
                0x2000000c                        _sbss = .
                0x2000000c                        __bss_start__ = _sbss
 *(.bss)
 .bss           0x2000000c       0x1c C:/Program Files/STMicroelectronics/STM32CubeCLT_1.16.0/GNU-tools-for-STM32/bin/../lib/gcc/arm-none-eabi/12.3.1/thumb/v6-m/nofp/crtbegin.o
 *(.bss*)
 .bss.adcBuffer
                0x20000028       0xc8 CMakeFiles/STM32C031_CMake_Demo.dir/Core/Src/main.c.obj
                0x20000028                adcBuffer
 .bss.voltage   0x200000f0        0x4 CMakeFiles/STM32C031_CMake_Demo.dir/Core/Src/main.c.obj
                0x200000f0                voltage
 .bss.hadc1     0x200000f4       0x64 CMakeFiles/STM32C031_CMake_Demo.dir/Core/Src/adc.c.obj
                0x200000f4                hadc1
 .bss.hdma_adc1
                0x20000158       0x5c CMakeFiles/STM32C031_CMake_Demo.dir/Core/Src/adc.c.obj
                0x20000158                hdma_adc1
 .bss.uwTick    0x200001b4        0x4 CMakeFiles/STM32C031_CMake_Demo.dir/Drivers/STM32C0xx_HAL_Driver/Src/stm32c0xx_hal.c.obj
                0x200001b4                uwTick
 *(COMMON)
                0x200001b8                        . = ALIGN (0x4)
                0x200001b8                        _ebss = .
                0x200001b8                        __bss_end__ = _ebss

._user_heap_stack
                0x200001b8      0x600 load address 0x08002ffc
                0x200001b8                        . = ALIGN (0x8)
                [!provide]                        PROVIDE (end = .)
                0x200001b8                        PROVIDE (_end = .)
                0x200003b8                        . = (. + _Min_Heap_Size)
 *fill*         0x200001b8      0x200 
                0x200007b8                        . = (. + _Min_Stack_Size)
 *fill*         0x200003b8      0x400 
                0x200007b8                        . = ALIGN (0x8)

/DISCARD/
 libc.a(*)
 libm.a(*)
 libgcc.a(*)

.ARM.attributes
                0x00000000       0x28
 *(.ARM.attributes)
 .ARM.attributes
                0x00000000       0x1e C:/Program Files/STMicroelectronics/STM32CubeCLT_1.16.0/GNU-tools-for-STM32/bin/../lib/gcc/arm-none-eabi/12.3.1/thumb/v6-m/nofp/crti.o
 .ARM.attributes
                0x0000001e       0x2c C:/Program Files/STMicroelectronics/STM32CubeCLT_1.16.0/GNU-tools-for-STM32/bin/../lib/gcc/arm-none-eabi/12.3.1/thumb/v6-m/nofp/crtbegin.o
 .ARM.attributes
                0x0000004a       0x2c C:/Program Files/STMicroelectronics/STM32CubeCLT_1.16.0/GNU-tools-for-STM32/bin/../lib/gcc/arm-none-eabi/12.3.1/../../../../arm-none-eabi/lib/thumb/v6-m/nofp\libc_nano.a(libc_a-memset.o)
 .ARM.attributes
                0x00000076       0x2c C:/Program Files/STMicroelectronics/STM32CubeCLT_1.16.0/GNU-tools-for-STM32/bin/../lib/gcc/arm-none-eabi/12.3.1/../../../../arm-none-eabi/lib/thumb/v6-m/nofp\libc_nano.a(libc_a-init.o)
 .ARM.attributes
                0x000000a2       0x2c CMakeFiles/STM32C031_CMake_Demo.dir/Core/Src/main.c.obj
 .ARM.attributes
                0x000000ce       0x2c CMakeFiles/STM32C031_CMake_Demo.dir/Core/Src/gpio.c.obj
 .ARM.attributes
                0x000000fa       0x2c CMakeFiles/STM32C031_CMake_Demo.dir/Core/Src/adc.c.obj
 .ARM.attributes
                0x00000126       0x2c CMakeFiles/STM32C031_CMake_Demo.dir/Core/Src/dma.c.obj
 .ARM.attributes
                0x00000152       0x2c CMakeFiles/STM32C031_CMake_Demo.dir/Core/Src/stm32c0xx_it.c.obj
 .ARM.attributes
                0x0000017e       0x2c CMakeFiles/STM32C031_CMake_Demo.dir/Core/Src/stm32c0xx_hal_msp.c.obj
 .ARM.attributes
                0x000001aa       0x2c CMakeFiles/STM32C031_CMake_Demo.dir/Drivers/STM32C0xx_HAL_Driver/Src/stm32c0xx_hal.c.obj
 .ARM.attributes
                0x000001d6       0x2c CMakeFiles/STM32C031_CMake_Demo.dir/Drivers/STM32C0xx_HAL_Driver/Src/stm32c0xx_hal_adc.c.obj
 .ARM.attributes
                0x00000202       0x2c CMakeFiles/STM32C031_CMake_Demo.dir/Drivers/STM32C0xx_HAL_Driver/Src/stm32c0xx_hal_adc_ex.c.obj
 .ARM.attributes
                0x0000022e       0x2c CMakeFiles/STM32C031_CMake_Demo.dir/Drivers/STM32C0xx_HAL_Driver/Src/stm32c0xx_hal_dma.c.obj
 .ARM.attributes
                0x0000025a       0x2c CMakeFiles/STM32C031_CMake_Demo.dir/Drivers/STM32C0xx_HAL_Driver/Src/stm32c0xx_hal_rcc.c.obj
 .ARM.attributes
                0x00000286       0x2c CMakeFiles/STM32C031_CMake_Demo.dir/Drivers/STM32C0xx_HAL_Driver/Src/stm32c0xx_hal_rcc_ex.c.obj
 .ARM.attributes
                0x000002b2       0x2c CMakeFiles/STM32C031_CMake_Demo.dir/Drivers/STM32C0xx_HAL_Driver/Src/stm32c0xx_hal_gpio.c.obj
 .ARM.attributes
                0x000002de       0x2c CMakeFiles/STM32C031_CMake_Demo.dir/Drivers/STM32C0xx_HAL_Driver/Src/stm32c0xx_hal_cortex.c.obj
 .ARM.attributes
                0x0000030a       0x2c CMakeFiles/STM32C031_CMake_Demo.dir/Core/Src/system_stm32c0xx.c.obj
 .ARM.attributes
                0x00000336       0x22 CMakeFiles/STM32C031_CMake_Demo.dir/startup_stm32c031xx.s.obj
 .ARM.attributes
                0x00000358       0x1e C:/Program Files/STMicroelectronics/STM32CubeCLT_1.16.0/GNU-tools-for-STM32/bin/../lib/gcc/arm-none-eabi/12.3.1/thumb/v6-m/nofp\libgcc.a(_udivsi3.o)
 .ARM.attributes
                0x00000376       0x1e C:/Program Files/STMicroelectronics/STM32CubeCLT_1.16.0/GNU-tools-for-STM32/bin/../lib/gcc/arm-none-eabi/12.3.1/thumb/v6-m/nofp\libgcc.a(_dvmd_tls.o)
 .ARM.attributes
                0x00000394       0x2c C:/Program Files/STMicroelectronics/STM32CubeCLT_1.16.0/GNU-tools-for-STM32/bin/../lib/gcc/arm-none-eabi/12.3.1/thumb/v6-m/nofp\libgcc.a(divsf3.o)
 .ARM.attributes
                0x000003c0       0x2c C:/Program Files/STMicroelectronics/STM32CubeCLT_1.16.0/GNU-tools-for-STM32/bin/../lib/gcc/arm-none-eabi/12.3.1/thumb/v6-m/nofp\libgcc.a(mulsf3.o)
 .ARM.attributes
                0x000003ec       0x2c C:/Program Files/STMicroelectronics/STM32CubeCLT_1.16.0/GNU-tools-for-STM32/bin/../lib/gcc/arm-none-eabi/12.3.1/thumb/v6-m/nofp\libgcc.a(floatsisf.o)
 .ARM.attributes
                0x00000418       0x1e C:/Program Files/STMicroelectronics/STM32CubeCLT_1.16.0/GNU-tools-for-STM32/bin/../lib/gcc/arm-none-eabi/12.3.1/thumb/v6-m/nofp\libgcc.a(_clzsi2.o)
 .ARM.attributes
                0x00000436       0x1e C:/Program Files/STMicroelectronics/STM32CubeCLT_1.16.0/GNU-tools-for-STM32/bin/../lib/gcc/arm-none-eabi/12.3.1/thumb/v6-m/nofp/crtn.o
OUTPUT(STM32C031_CMake_Demo.elf elf32-littlearm)
LOAD linker stubs
LOAD C:/Program Files/STMicroelectronics/STM32CubeCLT_1.16.0/GNU-tools-for-STM32/bin/../lib/gcc/arm-none-eabi/12.3.1/../../../../arm-none-eabi/lib/thumb/v6-m/nofp\libc.a
LOAD C:/Program Files/STMicroelectronics/STM32CubeCLT_1.16.0/GNU-tools-for-STM32/bin/../lib/gcc/arm-none-eabi/12.3.1/../../../../arm-none-eabi/lib/thumb/v6-m/nofp\libm.a
LOAD C:/Program Files/STMicroelectronics/STM32CubeCLT_1.16.0/GNU-tools-for-STM32/bin/../lib/gcc/arm-none-eabi/12.3.1/thumb/v6-m/nofp\libgcc.a

.debug_frame    0x00000000     0x1a74
 .debug_frame   0x00000000       0x20 C:/Program Files/STMicroelectronics/STM32CubeCLT_1.16.0/GNU-tools-for-STM32/bin/../lib/gcc/arm-none-eabi/12.3.1/../../../../arm-none-eabi/lib/thumb/v6-m/nofp\libc_nano.a(libc_a-memset.o)
 .debug_frame   0x00000020       0x2c C:/Program Files/STMicroelectronics/STM32CubeCLT_1.16.0/GNU-tools-for-STM32/bin/../lib/gcc/arm-none-eabi/12.3.1/../../../../arm-none-eabi/lib/thumb/v6-m/nofp\libc_nano.a(libc_a-init.o)
 .debug_frame   0x0000004c       0x68 CMakeFiles/STM32C031_CMake_Demo.dir/Core/Src/main.c.obj
 .debug_frame   0x000000b4       0x30 CMakeFiles/STM32C031_CMake_Demo.dir/Core/Src/gpio.c.obj
 .debug_frame   0x000000e4       0x70 CMakeFiles/STM32C031_CMake_Demo.dir/Core/Src/adc.c.obj
 .debug_frame   0x00000154       0x30 CMakeFiles/STM32C031_CMake_Demo.dir/Core/Src/dma.c.obj
 .debug_frame   0x00000184       0xd4 CMakeFiles/STM32C031_CMake_Demo.dir/Core/Src/stm32c0xx_it.c.obj
 .debug_frame   0x00000258       0x30 CMakeFiles/STM32C031_CMake_Demo.dir/Core/Src/stm32c0xx_hal_msp.c.obj
 .debug_frame   0x00000288      0x368 CMakeFiles/STM32C031_CMake_Demo.dir/Drivers/STM32C0xx_HAL_Driver/Src/stm32c0xx_hal.c.obj
 .debug_frame   0x000005f0      0x7d0 CMakeFiles/STM32C031_CMake_Demo.dir/Drivers/STM32C0xx_HAL_Driver/Src/stm32c0xx_hal_adc.c.obj
 .debug_frame   0x00000dc0      0x270 CMakeFiles/STM32C031_CMake_Demo.dir/Drivers/STM32C0xx_HAL_Driver/Src/stm32c0xx_hal_adc_ex.c.obj
 .debug_frame   0x00001030      0x1f0 CMakeFiles/STM32C031_CMake_Demo.dir/Drivers/STM32C0xx_HAL_Driver/Src/stm32c0xx_hal_dma.c.obj
 .debug_frame   0x00001220      0x214 CMakeFiles/STM32C031_CMake_Demo.dir/Drivers/STM32C0xx_HAL_Driver/Src/stm32c0xx_hal_rcc.c.obj
 .debug_frame   0x00001434       0xac CMakeFiles/STM32C031_CMake_Demo.dir/Drivers/STM32C0xx_HAL_Driver/Src/stm32c0xx_hal_rcc_ex.c.obj
 .debug_frame   0x000014e0      0x150 CMakeFiles/STM32C031_CMake_Demo.dir/Drivers/STM32C0xx_HAL_Driver/Src/stm32c0xx_hal_gpio.c.obj
 .debug_frame   0x00001630      0x33c CMakeFiles/STM32C031_CMake_Demo.dir/Drivers/STM32C0xx_HAL_Driver/Src/stm32c0xx_hal_cortex.c.obj
 .debug_frame   0x0000196c       0x4c CMakeFiles/STM32C031_CMake_Demo.dir/Core/Src/system_stm32c0xx.c.obj
 .debug_frame   0x000019b8       0x20 C:/Program Files/STMicroelectronics/STM32CubeCLT_1.16.0/GNU-tools-for-STM32/bin/../lib/gcc/arm-none-eabi/12.3.1/thumb/v6-m/nofp\libgcc.a(_udivsi3.o)
 .debug_frame   0x000019d8       0x38 C:/Program Files/STMicroelectronics/STM32CubeCLT_1.16.0/GNU-tools-for-STM32/bin/../lib/gcc/arm-none-eabi/12.3.1/thumb/v6-m/nofp\libgcc.a(divsf3.o)
 .debug_frame   0x00001a10       0x38 C:/Program Files/STMicroelectronics/STM32CubeCLT_1.16.0/GNU-tools-for-STM32/bin/../lib/gcc/arm-none-eabi/12.3.1/thumb/v6-m/nofp\libgcc.a(mulsf3.o)
 .debug_frame   0x00001a48       0x2c C:/Program Files/STMicroelectronics/STM32CubeCLT_1.16.0/GNU-tools-for-STM32/bin/../lib/gcc/arm-none-eabi/12.3.1/thumb/v6-m/nofp\libgcc.a(floatsisf.o)

.debug_info     0x00000000     0x747c
 .debug_info    0x00000000      0x90a CMakeFiles/STM32C031_CMake_Demo.dir/Core/Src/main.c.obj
 .debug_info    0x0000090a      0x1fe CMakeFiles/STM32C031_CMake_Demo.dir/Core/Src/gpio.c.obj
 .debug_info    0x00000b08      0xca2 CMakeFiles/STM32C031_CMake_Demo.dir/Core/Src/adc.c.obj
 .debug_info    0x000017aa      0x2df CMakeFiles/STM32C031_CMake_Demo.dir/Core/Src/dma.c.obj
 .debug_info    0x00001a89      0x74d CMakeFiles/STM32C031_CMake_Demo.dir/Core/Src/stm32c0xx_it.c.obj
 .debug_info    0x000021d6      0x217 CMakeFiles/STM32C031_CMake_Demo.dir/Core/Src/stm32c0xx_hal_msp.c.obj
 .debug_info    0x000023ed      0x832 CMakeFiles/STM32C031_CMake_Demo.dir/Drivers/STM32C0xx_HAL_Driver/Src/stm32c0xx_hal.c.obj
 .debug_info    0x00002c1f     0x153b CMakeFiles/STM32C031_CMake_Demo.dir/Drivers/STM32C0xx_HAL_Driver/Src/stm32c0xx_hal_adc.c.obj
 .debug_info    0x0000415a      0xac9 CMakeFiles/STM32C031_CMake_Demo.dir/Drivers/STM32C0xx_HAL_Driver/Src/stm32c0xx_hal_adc_ex.c.obj
 .debug_info    0x00004c23      0x826 CMakeFiles/STM32C031_CMake_Demo.dir/Drivers/STM32C0xx_HAL_Driver/Src/stm32c0xx_hal_dma.c.obj
 .debug_info    0x00005449      0x912 CMakeFiles/STM32C031_CMake_Demo.dir/Drivers/STM32C0xx_HAL_Driver/Src/stm32c0xx_hal_rcc.c.obj
 .debug_info    0x00005d5b      0x551 CMakeFiles/STM32C031_CMake_Demo.dir/Drivers/STM32C0xx_HAL_Driver/Src/stm32c0xx_hal_rcc_ex.c.obj
 .debug_info    0x000062ac      0x5b7 CMakeFiles/STM32C031_CMake_Demo.dir/Drivers/STM32C0xx_HAL_Driver/Src/stm32c0xx_hal_gpio.c.obj
 .debug_info    0x00006863      0x876 CMakeFiles/STM32C031_CMake_Demo.dir/Drivers/STM32C0xx_HAL_Driver/Src/stm32c0xx_hal_cortex.c.obj
 .debug_info    0x000070d9      0x373 CMakeFiles/STM32C031_CMake_Demo.dir/Core/Src/system_stm32c0xx.c.obj
 .debug_info    0x0000744c       0x30 CMakeFiles/STM32C031_CMake_Demo.dir/startup_stm32c031xx.s.obj

.debug_abbrev   0x00000000     0x1bfc
 .debug_abbrev  0x00000000      0x1fd CMakeFiles/STM32C031_CMake_Demo.dir/Core/Src/main.c.obj
 .debug_abbrev  0x000001fd       0xc9 CMakeFiles/STM32C031_CMake_Demo.dir/Core/Src/gpio.c.obj
 .debug_abbrev  0x000002c6      0x225 CMakeFiles/STM32C031_CMake_Demo.dir/Core/Src/adc.c.obj
 .debug_abbrev  0x000004eb      0x10c CMakeFiles/STM32C031_CMake_Demo.dir/Core/Src/dma.c.obj
 .debug_abbrev  0x000005f7      0x17d CMakeFiles/STM32C031_CMake_Demo.dir/Core/Src/stm32c0xx_it.c.obj
 .debug_abbrev  0x00000774       0xd6 CMakeFiles/STM32C031_CMake_Demo.dir/Core/Src/stm32c0xx_hal_msp.c.obj
 .debug_abbrev  0x0000084a      0x2cb CMakeFiles/STM32C031_CMake_Demo.dir/Drivers/STM32C0xx_HAL_Driver/Src/stm32c0xx_hal.c.obj
 .debug_abbrev  0x00000b15      0x26d CMakeFiles/STM32C031_CMake_Demo.dir/Drivers/STM32C0xx_HAL_Driver/Src/stm32c0xx_hal_adc.c.obj
 .debug_abbrev  0x00000d82      0x22b CMakeFiles/STM32C031_CMake_Demo.dir/Drivers/STM32C0xx_HAL_Driver/Src/stm32c0xx_hal_adc_ex.c.obj
 .debug_abbrev  0x00000fad      0x1d5 CMakeFiles/STM32C031_CMake_Demo.dir/Drivers/STM32C0xx_HAL_Driver/Src/stm32c0xx_hal_dma.c.obj
 .debug_abbrev  0x00001182      0x28b CMakeFiles/STM32C031_CMake_Demo.dir/Drivers/STM32C0xx_HAL_Driver/Src/stm32c0xx_hal_rcc.c.obj
 .debug_abbrev  0x0000140d      0x225 CMakeFiles/STM32C031_CMake_Demo.dir/Drivers/STM32C0xx_HAL_Driver/Src/stm32c0xx_hal_rcc_ex.c.obj
 .debug_abbrev  0x00001632      0x1d6 CMakeFiles/STM32C031_CMake_Demo.dir/Drivers/STM32C0xx_HAL_Driver/Src/stm32c0xx_hal_gpio.c.obj
 .debug_abbrev  0x00001808      0x2b7 CMakeFiles/STM32C031_CMake_Demo.dir/Drivers/STM32C0xx_HAL_Driver/Src/stm32c0xx_hal_cortex.c.obj
 .debug_abbrev  0x00001abf      0x119 CMakeFiles/STM32C031_CMake_Demo.dir/Core/Src/system_stm32c0xx.c.obj
 .debug_abbrev  0x00001bd8       0x24 CMakeFiles/STM32C031_CMake_Demo.dir/startup_stm32c031xx.s.obj

.debug_aranges  0x00000000      0x7d0
 .debug_aranges
                0x00000000       0x30 CMakeFiles/STM32C031_CMake_Demo.dir/Core/Src/main.c.obj
 .debug_aranges
                0x00000030       0x20 CMakeFiles/STM32C031_CMake_Demo.dir/Core/Src/gpio.c.obj
 .debug_aranges
                0x00000050       0x30 CMakeFiles/STM32C031_CMake_Demo.dir/Core/Src/adc.c.obj
 .debug_aranges
                0x00000080       0x20 CMakeFiles/STM32C031_CMake_Demo.dir/Core/Src/dma.c.obj
 .debug_aranges
                0x000000a0       0x50 CMakeFiles/STM32C031_CMake_Demo.dir/Core/Src/stm32c0xx_it.c.obj
 .debug_aranges
                0x000000f0       0x20 CMakeFiles/STM32C031_CMake_Demo.dir/Core/Src/stm32c0xx_hal_msp.c.obj
 .debug_aranges
                0x00000110      0x100 CMakeFiles/STM32C031_CMake_Demo.dir/Drivers/STM32C0xx_HAL_Driver/Src/stm32c0xx_hal.c.obj
 .debug_aranges
                0x00000210      0x200 CMakeFiles/STM32C031_CMake_Demo.dir/Drivers/STM32C0xx_HAL_Driver/Src/stm32c0xx_hal_adc.c.obj
 .debug_aranges
                0x00000410       0xb0 CMakeFiles/STM32C031_CMake_Demo.dir/Drivers/STM32C0xx_HAL_Driver/Src/stm32c0xx_hal_adc_ex.c.obj
 .debug_aranges
                0x000004c0       0x90 CMakeFiles/STM32C031_CMake_Demo.dir/Drivers/STM32C0xx_HAL_Driver/Src/stm32c0xx_hal_dma.c.obj
 .debug_aranges
                0x00000550       0xa0 CMakeFiles/STM32C031_CMake_Demo.dir/Drivers/STM32C0xx_HAL_Driver/Src/stm32c0xx_hal_rcc.c.obj
 .debug_aranges
                0x000005f0       0x40 CMakeFiles/STM32C031_CMake_Demo.dir/Drivers/STM32C0xx_HAL_Driver/Src/stm32c0xx_hal_rcc_ex.c.obj
 .debug_aranges
                0x00000630       0x68 CMakeFiles/STM32C031_CMake_Demo.dir/Drivers/STM32C0xx_HAL_Driver/Src/stm32c0xx_hal_gpio.c.obj
 .debug_aranges
                0x00000698       0xe8 CMakeFiles/STM32C031_CMake_Demo.dir/Drivers/STM32C0xx_HAL_Driver/Src/stm32c0xx_hal_cortex.c.obj
 .debug_aranges
                0x00000780       0x28 CMakeFiles/STM32C031_CMake_Demo.dir/Core/Src/system_stm32c0xx.c.obj
 .debug_aranges
                0x000007a8       0x28 CMakeFiles/STM32C031_CMake_Demo.dir/startup_stm32c031xx.s.obj

.debug_rnglists
                0x00000000      0x5b7
 .debug_rnglists
                0x00000000       0x20 CMakeFiles/STM32C031_CMake_Demo.dir/Core/Src/main.c.obj
 .debug_rnglists
                0x00000020       0x13 CMakeFiles/STM32C031_CMake_Demo.dir/Core/Src/gpio.c.obj
 .debug_rnglists
                0x00000033       0x21 CMakeFiles/STM32C031_CMake_Demo.dir/Core/Src/adc.c.obj
 .debug_rnglists
                0x00000054       0x13 CMakeFiles/STM32C031_CMake_Demo.dir/Core/Src/dma.c.obj
 .debug_rnglists
                0x00000067       0x37 CMakeFiles/STM32C031_CMake_Demo.dir/Core/Src/stm32c0xx_it.c.obj
 .debug_rnglists
                0x0000009e       0x13 CMakeFiles/STM32C031_CMake_Demo.dir/Core/Src/stm32c0xx_hal_msp.c.obj
 .debug_rnglists
                0x000000b1       0xbc CMakeFiles/STM32C031_CMake_Demo.dir/Drivers/STM32C0xx_HAL_Driver/Src/stm32c0xx_hal.c.obj
 .debug_rnglists
                0x0000016d      0x18a CMakeFiles/STM32C031_CMake_Demo.dir/Drivers/STM32C0xx_HAL_Driver/Src/stm32c0xx_hal_adc.c.obj
 .debug_rnglists
                0x000002f7       0x81 CMakeFiles/STM32C031_CMake_Demo.dir/Drivers/STM32C0xx_HAL_Driver/Src/stm32c0xx_hal_adc_ex.c.obj
 .debug_rnglists
                0x00000378       0x72 CMakeFiles/STM32C031_CMake_Demo.dir/Drivers/STM32C0xx_HAL_Driver/Src/stm32c0xx_hal_dma.c.obj
 .debug_rnglists
                0x000003ea       0x78 CMakeFiles/STM32C031_CMake_Demo.dir/Drivers/STM32C0xx_HAL_Driver/Src/stm32c0xx_hal_rcc.c.obj
 .debug_rnglists
                0x00000462       0x2d CMakeFiles/STM32C031_CMake_Demo.dir/Drivers/STM32C0xx_HAL_Driver/Src/stm32c0xx_hal_rcc_ex.c.obj
 .debug_rnglists
                0x0000048f       0x4b CMakeFiles/STM32C031_CMake_Demo.dir/Drivers/STM32C0xx_HAL_Driver/Src/stm32c0xx_hal_gpio.c.obj
 .debug_rnglists
                0x000004da       0xaa CMakeFiles/STM32C031_CMake_Demo.dir/Drivers/STM32C0xx_HAL_Driver/Src/stm32c0xx_hal_cortex.c.obj
 .debug_rnglists
                0x00000584       0x1a CMakeFiles/STM32C031_CMake_Demo.dir/Core/Src/system_stm32c0xx.c.obj
 .debug_rnglists
                0x0000059e       0x19 CMakeFiles/STM32C031_CMake_Demo.dir/startup_stm32c031xx.s.obj

.debug_macro    0x00000000    0x133c4
 .debug_macro   0x00000000      0x202 CMakeFiles/STM32C031_CMake_Demo.dir/Core/Src/main.c.obj
 .debug_macro   0x00000202      0xa8a CMakeFiles/STM32C031_CMake_Demo.dir/Core/Src/main.c.obj
 .debug_macro   0x00000c8c       0x2e CMakeFiles/STM32C031_CMake_Demo.dir/Core/Src/main.c.obj
 .debug_macro   0x00000cba       0x28 CMakeFiles/STM32C031_CMake_Demo.dir/Core/Src/main.c.obj
 .debug_macro   0x00000ce2       0x22 CMakeFiles/STM32C031_CMake_Demo.dir/Core/Src/main.c.obj
 .debug_macro   0x00000d04       0x8e CMakeFiles/STM32C031_CMake_Demo.dir/Core/Src/main.c.obj
 .debug_macro   0x00000d92       0x51 CMakeFiles/STM32C031_CMake_Demo.dir/Core/Src/main.c.obj
 .debug_macro   0x00000de3      0x103 CMakeFiles/STM32C031_CMake_Demo.dir/Core/Src/main.c.obj
 .debug_macro   0x00000ee6       0x6a CMakeFiles/STM32C031_CMake_Demo.dir/Core/Src/main.c.obj
 .debug_macro   0x00000f50      0x1df CMakeFiles/STM32C031_CMake_Demo.dir/Core/Src/main.c.obj
 .debug_macro   0x0000112f       0x1c CMakeFiles/STM32C031_CMake_Demo.dir/Core/Src/main.c.obj
 .debug_macro   0x0000114b       0x22 CMakeFiles/STM32C031_CMake_Demo.dir/Core/Src/main.c.obj
 .debug_macro   0x0000116d       0xd1 CMakeFiles/STM32C031_CMake_Demo.dir/Core/Src/main.c.obj
 .debug_macro   0x0000123e      0x4da CMakeFiles/STM32C031_CMake_Demo.dir/Core/Src/main.c.obj
 .debug_macro   0x00001718      0x11f CMakeFiles/STM32C031_CMake_Demo.dir/Core/Src/main.c.obj
 .debug_macro   0x00001837     0x93f2 CMakeFiles/STM32C031_CMake_Demo.dir/Core/Src/main.c.obj
 .debug_macro   0x0000ac29       0x6c CMakeFiles/STM32C031_CMake_Demo.dir/Core/Src/main.c.obj
 .debug_macro   0x0000ac95      0x175 CMakeFiles/STM32C031_CMake_Demo.dir/Core/Src/main.c.obj
 .debug_macro   0x0000ae0a       0xe3 CMakeFiles/STM32C031_CMake_Demo.dir/Core/Src/main.c.obj
 .debug_macro   0x0000aeed     0x3440 CMakeFiles/STM32C031_CMake_Demo.dir/Core/Src/main.c.obj
 .debug_macro   0x0000e32d      0x189 CMakeFiles/STM32C031_CMake_Demo.dir/Core/Src/main.c.obj
 .debug_macro   0x0000e4b6       0x5b CMakeFiles/STM32C031_CMake_Demo.dir/Core/Src/main.c.obj
 .debug_macro   0x0000e511      0x397 CMakeFiles/STM32C031_CMake_Demo.dir/Core/Src/main.c.obj
 .debug_macro   0x0000e8a8      0xb78 CMakeFiles/STM32C031_CMake_Demo.dir/Core/Src/main.c.obj
 .debug_macro   0x0000f420      0x145 CMakeFiles/STM32C031_CMake_Demo.dir/Core/Src/main.c.obj
 .debug_macro   0x0000f565      0x15f CMakeFiles/STM32C031_CMake_Demo.dir/Core/Src/main.c.obj
 .debug_macro   0x0000f6c4      0x198 CMakeFiles/STM32C031_CMake_Demo.dir/Core/Src/main.c.obj
 .debug_macro   0x0000f85c      0x264 CMakeFiles/STM32C031_CMake_Demo.dir/Core/Src/main.c.obj
 .debug_macro   0x0000fac0      0x17e CMakeFiles/STM32C031_CMake_Demo.dir/Core/Src/main.c.obj
 .debug_macro   0x0000fc3e       0x43 CMakeFiles/STM32C031_CMake_Demo.dir/Core/Src/main.c.obj
 .debug_macro   0x0000fc81      0x1f1 CMakeFiles/STM32C031_CMake_Demo.dir/Core/Src/main.c.obj
 .debug_macro   0x0000fe72      0x91d CMakeFiles/STM32C031_CMake_Demo.dir/Core/Src/main.c.obj
 .debug_macro   0x0001078f      0x5d7 CMakeFiles/STM32C031_CMake_Demo.dir/Core/Src/main.c.obj
 .debug_macro   0x00010d66       0x2e CMakeFiles/STM32C031_CMake_Demo.dir/Core/Src/main.c.obj
 .debug_macro   0x00010d94      0x1b1 CMakeFiles/STM32C031_CMake_Demo.dir/Core/Src/main.c.obj
 .debug_macro   0x00010f45      0x37c CMakeFiles/STM32C031_CMake_Demo.dir/Core/Src/main.c.obj
 .debug_macro   0x000112c1       0x28 CMakeFiles/STM32C031_CMake_Demo.dir/Core/Src/main.c.obj
 .debug_macro   0x000112e9       0xb3 CMakeFiles/STM32C031_CMake_Demo.dir/Core/Src/main.c.obj
 .debug_macro   0x0001139c      0x104 CMakeFiles/STM32C031_CMake_Demo.dir/Core/Src/main.c.obj
 .debug_macro   0x000114a0       0xf6 CMakeFiles/STM32C031_CMake_Demo.dir/Core/Src/main.c.obj
 .debug_macro   0x00011596      0x3a9 CMakeFiles/STM32C031_CMake_Demo.dir/Core/Src/main.c.obj
 .debug_macro   0x0001193f      0x1e4 CMakeFiles/STM32C031_CMake_Demo.dir/Core/Src/gpio.c.obj
 .debug_macro   0x00011b23      0x1e4 CMakeFiles/STM32C031_CMake_Demo.dir/Core/Src/adc.c.obj
 .debug_macro   0x00011d07      0x1e4 CMakeFiles/STM32C031_CMake_Demo.dir/Core/Src/dma.c.obj
 .debug_macro   0x00011eeb      0x1e4 CMakeFiles/STM32C031_CMake_Demo.dir/Core/Src/stm32c0xx_it.c.obj
 .debug_macro   0x000120cf      0x1da CMakeFiles/STM32C031_CMake_Demo.dir/Core/Src/stm32c0xx_hal_msp.c.obj
 .debug_macro   0x000122a9      0x1ee CMakeFiles/STM32C031_CMake_Demo.dir/Drivers/STM32C0xx_HAL_Driver/Src/stm32c0xx_hal.c.obj
 .debug_macro   0x00012497      0x1f4 CMakeFiles/STM32C031_CMake_Demo.dir/Drivers/STM32C0xx_HAL_Driver/Src/stm32c0xx_hal_adc.c.obj
 .debug_macro   0x0001268b      0x1dc CMakeFiles/STM32C031_CMake_Demo.dir/Drivers/STM32C0xx_HAL_Driver/Src/stm32c0xx_hal_adc_ex.c.obj
 .debug_macro   0x00012867      0x1d0 CMakeFiles/STM32C031_CMake_Demo.dir/Drivers/STM32C0xx_HAL_Driver/Src/stm32c0xx_hal_dma.c.obj
 .debug_macro   0x00012a37      0x200 CMakeFiles/STM32C031_CMake_Demo.dir/Drivers/STM32C0xx_HAL_Driver/Src/stm32c0xx_hal_rcc.c.obj
 .debug_macro   0x00012c37      0x1e2 CMakeFiles/STM32C031_CMake_Demo.dir/Drivers/STM32C0xx_HAL_Driver/Src/stm32c0xx_hal_rcc_ex.c.obj
 .debug_macro   0x00012e19      0x205 CMakeFiles/STM32C031_CMake_Demo.dir/Drivers/STM32C0xx_HAL_Driver/Src/stm32c0xx_hal_gpio.c.obj
 .debug_macro   0x0001301e      0x1d0 CMakeFiles/STM32C031_CMake_Demo.dir/Drivers/STM32C0xx_HAL_Driver/Src/stm32c0xx_hal_cortex.c.obj
 .debug_macro   0x000131ee      0x1d6 CMakeFiles/STM32C031_CMake_Demo.dir/Core/Src/system_stm32c0xx.c.obj

.debug_line     0x00000000     0xa5c4
 .debug_line    0x00000000      0x84e CMakeFiles/STM32C031_CMake_Demo.dir/Core/Src/main.c.obj
 .debug_line    0x0000084e      0x7a4 CMakeFiles/STM32C031_CMake_Demo.dir/Core/Src/gpio.c.obj
 .debug_line    0x00000ff2      0x86f CMakeFiles/STM32C031_CMake_Demo.dir/Core/Src/adc.c.obj
 .debug_line    0x00001861      0x7a4 CMakeFiles/STM32C031_CMake_Demo.dir/Core/Src/dma.c.obj
 .debug_line    0x00002005      0x83d CMakeFiles/STM32C031_CMake_Demo.dir/Core/Src/stm32c0xx_it.c.obj
 .debug_line    0x00002842      0x7a9 CMakeFiles/STM32C031_CMake_Demo.dir/Core/Src/stm32c0xx_hal_msp.c.obj
 .debug_line    0x00002feb      0xad7 CMakeFiles/STM32C031_CMake_Demo.dir/Drivers/STM32C0xx_HAL_Driver/Src/stm32c0xx_hal.c.obj
 .debug_line    0x00003ac2     0x199e CMakeFiles/STM32C031_CMake_Demo.dir/Drivers/STM32C0xx_HAL_Driver/Src/stm32c0xx_hal_adc.c.obj
 .debug_line    0x00005460      0xae6 CMakeFiles/STM32C031_CMake_Demo.dir/Drivers/STM32C0xx_HAL_Driver/Src/stm32c0xx_hal_adc_ex.c.obj
 .debug_line    0x00005f46      0xe09 CMakeFiles/STM32C031_CMake_Demo.dir/Drivers/STM32C0xx_HAL_Driver/Src/stm32c0xx_hal_dma.c.obj
 .debug_line    0x00006d4f      0xd81 CMakeFiles/STM32C031_CMake_Demo.dir/Drivers/STM32C0xx_HAL_Driver/Src/stm32c0xx_hal_rcc.c.obj
 .debug_line    0x00007ad0      0xa55 CMakeFiles/STM32C031_CMake_Demo.dir/Drivers/STM32C0xx_HAL_Driver/Src/stm32c0xx_hal_rcc_ex.c.obj
 .debug_line    0x00008525      0xc23 CMakeFiles/STM32C031_CMake_Demo.dir/Drivers/STM32C0xx_HAL_Driver/Src/stm32c0xx_hal_gpio.c.obj
 .debug_line    0x00009148      0xbfa CMakeFiles/STM32C031_CMake_Demo.dir/Drivers/STM32C0xx_HAL_Driver/Src/stm32c0xx_hal_cortex.c.obj
 .debug_line    0x00009d42      0x805 CMakeFiles/STM32C031_CMake_Demo.dir/Core/Src/system_stm32c0xx.c.obj
 .debug_line    0x0000a547       0x7d CMakeFiles/STM32C031_CMake_Demo.dir/startup_stm32c031xx.s.obj

.debug_str      0x00000000    0x76bf1
 .debug_str     0x00000000    0x74730 CMakeFiles/STM32C031_CMake_Demo.dir/Core/Src/main.c.obj
                              0x74f07 (size before relaxing)
 .debug_str     0x00074730       0xe9 CMakeFiles/STM32C031_CMake_Demo.dir/Core/Src/gpio.c.obj
                              0x748a7 (size before relaxing)
 .debug_str     0x00074819      0x3bb CMakeFiles/STM32C031_CMake_Demo.dir/Core/Src/adc.c.obj
                              0x751ab (size before relaxing)
 .debug_str     0x00074bd4       0x3b CMakeFiles/STM32C031_CMake_Demo.dir/Core/Src/dma.c.obj
                              0x74a29 (size before relaxing)
 .debug_str     0x00074c0f       0xfa CMakeFiles/STM32C031_CMake_Demo.dir/Core/Src/stm32c0xx_it.c.obj
                              0x74dc0 (size before relaxing)
 .debug_str     0x00074d09       0x55 CMakeFiles/STM32C031_CMake_Demo.dir/Core/Src/stm32c0xx_hal_msp.c.obj
                              0x748a7 (size before relaxing)
 .debug_str     0x00074d5e      0x469 CMakeFiles/STM32C031_CMake_Demo.dir/Drivers/STM32C0xx_HAL_Driver/Src/stm32c0xx_hal.c.obj
                              0x74f1e (size before relaxing)
 .debug_str     0x000751c7      0x90e CMakeFiles/STM32C031_CMake_Demo.dir/Drivers/STM32C0xx_HAL_Driver/Src/stm32c0xx_hal_adc.c.obj
                              0x756ee (size before relaxing)
 .debug_str     0x00075ad5      0x227 CMakeFiles/STM32C031_CMake_Demo.dir/Drivers/STM32C0xx_HAL_Driver/Src/stm32c0xx_hal_adc_ex.c.obj
                              0x7509c (size before relaxing)
 .debug_str     0x00075cfc      0x29a CMakeFiles/STM32C031_CMake_Demo.dir/Drivers/STM32C0xx_HAL_Driver/Src/stm32c0xx_hal_dma.c.obj
                              0x74d9f (size before relaxing)
 .debug_str     0x00075f96      0x4c1 CMakeFiles/STM32C031_CMake_Demo.dir/Drivers/STM32C0xx_HAL_Driver/Src/stm32c0xx_hal_rcc.c.obj
                              0x74f1f (size before relaxing)
 .debug_str     0x00076457      0x151 CMakeFiles/STM32C031_CMake_Demo.dir/Drivers/STM32C0xx_HAL_Driver/Src/stm32c0xx_hal_rcc_ex.c.obj
                              0x74b91 (size before relaxing)
 .debug_str     0x000765a8      0x297 CMakeFiles/STM32C031_CMake_Demo.dir/Drivers/STM32C0xx_HAL_Driver/Src/stm32c0xx_hal_gpio.c.obj
                              0x74b20 (size before relaxing)
 .debug_str     0x0007683f      0x2cf CMakeFiles/STM32C031_CMake_Demo.dir/Drivers/STM32C0xx_HAL_Driver/Src/stm32c0xx_hal_cortex.c.obj
                              0x74d41 (size before relaxing)
 .debug_str     0x00076b0e       0x85 CMakeFiles/STM32C031_CMake_Demo.dir/Core/Src/system_stm32c0xx.c.obj
                              0x74928 (size before relaxing)
 .debug_str     0x00076b93       0x5e CMakeFiles/STM32C031_CMake_Demo.dir/startup_stm32c031xx.s.obj
                                 0x96 (size before relaxing)

.comment        0x00000000       0x43
 .comment       0x00000000       0x43 CMakeFiles/STM32C031_CMake_Demo.dir/Core/Src/main.c.obj
                                 0x44 (size before relaxing)
 .comment       0x00000043       0x44 CMakeFiles/STM32C031_CMake_Demo.dir/Core/Src/gpio.c.obj
 .comment       0x00000043       0x44 CMakeFiles/STM32C031_CMake_Demo.dir/Core/Src/adc.c.obj
 .comment       0x00000043       0x44 CMakeFiles/STM32C031_CMake_Demo.dir/Core/Src/dma.c.obj
 .comment       0x00000043       0x44 CMakeFiles/STM32C031_CMake_Demo.dir/Core/Src/stm32c0xx_it.c.obj
 .comment       0x00000043       0x44 CMakeFiles/STM32C031_CMake_Demo.dir/Core/Src/stm32c0xx_hal_msp.c.obj
 .comment       0x00000043       0x44 CMakeFiles/STM32C031_CMake_Demo.dir/Drivers/STM32C0xx_HAL_Driver/Src/stm32c0xx_hal.c.obj
 .comment       0x00000043       0x44 CMakeFiles/STM32C031_CMake_Demo.dir/Drivers/STM32C0xx_HAL_Driver/Src/stm32c0xx_hal_adc.c.obj
 .comment       0x00000043       0x44 CMakeFiles/STM32C031_CMake_Demo.dir/Drivers/STM32C0xx_HAL_Driver/Src/stm32c0xx_hal_adc_ex.c.obj
 .comment       0x00000043       0x44 CMakeFiles/STM32C031_CMake_Demo.dir/Drivers/STM32C0xx_HAL_Driver/Src/stm32c0xx_hal_dma.c.obj
 .comment       0x00000043       0x44 CMakeFiles/STM32C031_CMake_Demo.dir/Drivers/STM32C0xx_HAL_Driver/Src/stm32c0xx_hal_rcc.c.obj
 .comment       0x00000043       0x44 CMakeFiles/STM32C031_CMake_Demo.dir/Drivers/STM32C0xx_HAL_Driver/Src/stm32c0xx_hal_rcc_ex.c.obj
 .comment       0x00000043       0x44 CMakeFiles/STM32C031_CMake_Demo.dir/Drivers/STM32C0xx_HAL_Driver/Src/stm32c0xx_hal_gpio.c.obj
 .comment       0x00000043       0x44 CMakeFiles/STM32C031_CMake_Demo.dir/Drivers/STM32C0xx_HAL_Driver/Src/stm32c0xx_hal_cortex.c.obj
 .comment       0x00000043       0x44 CMakeFiles/STM32C031_CMake_Demo.dir/Core/Src/system_stm32c0xx.c.obj

.debug_line_str
                0x00000000       0x7a
 .debug_line_str
                0x00000000       0x7a CMakeFiles/STM32C031_CMake_Demo.dir/startup_stm32c031xx.s.obj
